../Core/Src/main.c:97:16:usb_is_configured	4	static
../Core/Src/main.c:103:13:dac_write_raw	32	static
../Core/Src/main.c:116:17:dac_read_raw	24	static
../Core/Src/main.c:130:26:clock_try_hse30_pll72_usb48	128	static
../Core/Src/main.c:173:26:clock_try_hsi_pll48_usb48	128	static
../Core/Src/main.c:220:5:main	72	static
../Core/Src/main.c:329:6:SystemClock_Config	128	static
../Core/Src/main.c:380:13:MX_ADC1_Init	48	static
../Core/Src/main.c:482:13:MX_I2C1_Init	8	static
../Core/Src/main.c:530:13:MX_TIM3_Init	56	static
../Core/Src/main.c:588:13:MX_TIM17_Init	80	static
../Core/Src/main.c:649:13:MX_DMA_Init	16	static
../Core/Src/main.c:667:13:MX_GPIO_Init	48	static
../Core/Src/main.c:725:6:Error_Handler	4	static
