\BOOKMARK [1][-]{section.1}{\376\377\000E\000x\000e\000c\000u\000t\000i\000v\000e\000\040\000S\000u\000m\000m\000a\000r\000y}{}% 1
\BOOKMARK [1][-]{section.2}{\376\377\000M\000e\000t\000r\000i\000c\000\040\000D\000e\000t\000a\000i\000l\000s}{}% 2
\BOOKMARK [2][-]{subsection.2.1}{\376\377\000A\000c\000t\000i\000v\000e\000E\000n\000e\000r\000g\000y\000B\000u\000r\000n\000e\000d}{section.2}% 3
\BOOKMARK [2][-]{subsection.2.2}{\376\377\000A\000p\000p\000l\000e\000E\000x\000e\000r\000c\000i\000s\000e\000T\000i\000m\000e}{section.2}% 4
\BOOKMARK [2][-]{subsection.2.3}{\376\377\000A\000p\000p\000l\000e\000S\000l\000e\000e\000p\000i\000n\000g\000B\000r\000e\000a\000t\000h\000i\000n\000g\000D\000i\000s\000t\000u\000r\000b\000a\000n\000c\000e\000s}{section.2}% 5
\BOOKMARK [2][-]{subsection.2.4}{\376\377\000A\000p\000p\000l\000e\000S\000l\000e\000e\000p\000i\000n\000g\000W\000r\000i\000s\000t\000T\000e\000m\000p\000e\000r\000a\000t\000u\000r\000e}{section.2}% 6
\BOOKMARK [2][-]{subsection.2.5}{\376\377\000A\000p\000p\000l\000e\000S\000t\000a\000n\000d\000H\000o\000u\000r}{section.2}% 7
\BOOKMARK [2][-]{subsection.2.6}{\376\377\000A\000p\000p\000l\000e\000S\000t\000a\000n\000d\000T\000i\000m\000e}{section.2}% 8
\BOOKMARK [2][-]{subsection.2.7}{\376\377\000A\000p\000p\000l\000e\000W\000a\000l\000k\000i\000n\000g\000S\000t\000e\000a\000d\000i\000n\000e\000s\000s}{section.2}% 9
\BOOKMARK [2][-]{subsection.2.8}{\376\377\000A\000u\000d\000i\000o\000E\000x\000p\000o\000s\000u\000r\000e\000E\000v\000e\000n\000t}{section.2}% 10
\BOOKMARK [2][-]{subsection.2.9}{\376\377\000B\000a\000s\000a\000l\000E\000n\000e\000r\000g\000y\000B\000u\000r\000n\000e\000d}{section.2}% 11
\BOOKMARK [2][-]{subsection.2.10}{\376\377\000B\000o\000d\000y\000F\000a\000t\000P\000e\000r\000c\000e\000n\000t\000a\000g\000e}{section.2}% 12
\BOOKMARK [2][-]{subsection.2.11}{\376\377\000B\000o\000d\000y\000M\000a\000s\000s}{section.2}% 13
\BOOKMARK [2][-]{subsection.2.12}{\376\377\000B\000o\000d\000y\000M\000a\000s\000s\000I\000n\000d\000e\000x}{section.2}% 14
\BOOKMARK [2][-]{subsection.2.13}{\376\377\000C\000y\000c\000l\000i\000n\000g\000C\000a\000d\000e\000n\000c\000e}{section.2}% 15
\BOOKMARK [2][-]{subsection.2.14}{\376\377\000C\000y\000c\000l\000i\000n\000g\000P\000o\000w\000e\000r}{section.2}% 16
\BOOKMARK [2][-]{subsection.2.15}{\376\377\000C\000y\000c\000l\000i\000n\000g\000S\000p\000e\000e\000d}{section.2}% 17
\BOOKMARK [2][-]{subsection.2.16}{\376\377\000D\000i\000e\000t\000a\000r\000y\000C\000a\000l\000c\000i\000u\000m}{section.2}% 18
\BOOKMARK [2][-]{subsection.2.17}{\376\377\000D\000i\000e\000t\000a\000r\000y\000C\000a\000r\000b\000o\000h\000y\000d\000r\000a\000t\000e\000s}{section.2}% 19
\BOOKMARK [2][-]{subsection.2.18}{\376\377\000D\000i\000e\000t\000a\000r\000y\000C\000h\000o\000l\000e\000s\000t\000e\000r\000o\000l}{section.2}% 20
\BOOKMARK [2][-]{subsection.2.19}{\376\377\000D\000i\000e\000t\000a\000r\000y\000C\000o\000p\000p\000e\000r}{section.2}% 21
\BOOKMARK [2][-]{subsection.2.20}{\376\377\000D\000i\000e\000t\000a\000r\000y\000E\000n\000e\000r\000g\000y\000C\000o\000n\000s\000u\000m\000e\000d}{section.2}% 22
\BOOKMARK [2][-]{subsection.2.21}{\376\377\000D\000i\000e\000t\000a\000r\000y\000F\000a\000t\000M\000o\000n\000o\000u\000n\000s\000a\000t\000u\000r\000a\000t\000e\000d}{section.2}% 23
\BOOKMARK [2][-]{subsection.2.22}{\376\377\000D\000i\000e\000t\000a\000r\000y\000F\000a\000t\000P\000o\000l\000y\000u\000n\000s\000a\000t\000u\000r\000a\000t\000e\000d}{section.2}% 24
\BOOKMARK [2][-]{subsection.2.23}{\376\377\000D\000i\000e\000t\000a\000r\000y\000F\000a\000t\000S\000a\000t\000u\000r\000a\000t\000e\000d}{section.2}% 25
\BOOKMARK [2][-]{subsection.2.24}{\376\377\000D\000i\000e\000t\000a\000r\000y\000F\000a\000t\000T\000o\000t\000a\000l}{section.2}% 26
\BOOKMARK [2][-]{subsection.2.25}{\376\377\000D\000i\000e\000t\000a\000r\000y\000F\000i\000b\000e\000r}{section.2}% 27
\BOOKMARK [2][-]{subsection.2.26}{\376\377\000D\000i\000e\000t\000a\000r\000y\000F\000o\000l\000a\000t\000e}{section.2}% 28
\BOOKMARK [2][-]{subsection.2.27}{\376\377\000D\000i\000e\000t\000a\000r\000y\000I\000r\000o\000n}{section.2}% 29
\BOOKMARK [2][-]{subsection.2.28}{\376\377\000D\000i\000e\000t\000a\000r\000y\000M\000a\000g\000n\000e\000s\000i\000u\000m}{section.2}% 30
\BOOKMARK [2][-]{subsection.2.29}{\376\377\000D\000i\000e\000t\000a\000r\000y\000M\000a\000n\000g\000a\000n\000e\000s\000e}{section.2}% 31
\BOOKMARK [2][-]{subsection.2.30}{\376\377\000D\000i\000e\000t\000a\000r\000y\000N\000i\000a\000c\000i\000n}{section.2}% 32
\BOOKMARK [2][-]{subsection.2.31}{\376\377\000D\000i\000e\000t\000a\000r\000y\000P\000a\000n\000t\000o\000t\000h\000e\000n\000i\000c\000A\000c\000i\000d}{section.2}% 33
\BOOKMARK [2][-]{subsection.2.32}{\376\377\000D\000i\000e\000t\000a\000r\000y\000P\000h\000o\000s\000p\000h\000o\000r\000u\000s}{section.2}% 34
\BOOKMARK [2][-]{subsection.2.33}{\376\377\000D\000i\000e\000t\000a\000r\000y\000P\000o\000t\000a\000s\000s\000i\000u\000m}{section.2}% 35
\BOOKMARK [2][-]{subsection.2.34}{\376\377\000D\000i\000e\000t\000a\000r\000y\000P\000r\000o\000t\000e\000i\000n}{section.2}% 36
\BOOKMARK [2][-]{subsection.2.35}{\376\377\000D\000i\000e\000t\000a\000r\000y\000R\000i\000b\000o\000f\000l\000a\000v\000i\000n}{section.2}% 37
\BOOKMARK [2][-]{subsection.2.36}{\376\377\000D\000i\000e\000t\000a\000r\000y\000S\000e\000l\000e\000n\000i\000u\000m}{section.2}% 38
\BOOKMARK [2][-]{subsection.2.37}{\376\377\000D\000i\000e\000t\000a\000r\000y\000S\000o\000d\000i\000u\000m}{section.2}% 39
\BOOKMARK [2][-]{subsection.2.38}{\376\377\000D\000i\000e\000t\000a\000r\000y\000S\000u\000g\000a\000r}{section.2}% 40
\BOOKMARK [2][-]{subsection.2.39}{\376\377\000D\000i\000e\000t\000a\000r\000y\000T\000h\000i\000a\000m\000i\000n}{section.2}% 41
\BOOKMARK [2][-]{subsection.2.40}{\376\377\000D\000i\000e\000t\000a\000r\000y\000V\000i\000t\000a\000m\000i\000n\000A}{section.2}% 42
\BOOKMARK [2][-]{subsection.2.41}{\376\377\000D\000i\000e\000t\000a\000r\000y\000V\000i\000t\000a\000m\000i\000n\000B\0001\0002}{section.2}% 43
\BOOKMARK [2][-]{subsection.2.42}{\376\377\000D\000i\000e\000t\000a\000r\000y\000V\000i\000t\000a\000m\000i\000n\000B\0006}{section.2}% 44
\BOOKMARK [2][-]{subsection.2.43}{\376\377\000D\000i\000e\000t\000a\000r\000y\000V\000i\000t\000a\000m\000i\000n\000C}{section.2}% 45
\BOOKMARK [2][-]{subsection.2.44}{\376\377\000D\000i\000e\000t\000a\000r\000y\000V\000i\000t\000a\000m\000i\000n\000D}{section.2}% 46
\BOOKMARK [2][-]{subsection.2.45}{\376\377\000D\000i\000e\000t\000a\000r\000y\000V\000i\000t\000a\000m\000i\000n\000E}{section.2}% 47
\BOOKMARK [2][-]{subsection.2.46}{\376\377\000D\000i\000e\000t\000a\000r\000y\000V\000i\000t\000a\000m\000i\000n\000K}{section.2}% 48
\BOOKMARK [2][-]{subsection.2.47}{\376\377\000D\000i\000e\000t\000a\000r\000y\000W\000a\000t\000e\000r}{section.2}% 49
\BOOKMARK [2][-]{subsection.2.48}{\376\377\000D\000i\000e\000t\000a\000r\000y\000Z\000i\000n\000c}{section.2}% 50
\BOOKMARK [2][-]{subsection.2.49}{\376\377\000D\000i\000s\000t\000a\000n\000c\000e\000C\000y\000c\000l\000i\000n\000g}{section.2}% 51
\BOOKMARK [2][-]{subsection.2.50}{\376\377\000D\000i\000s\000t\000a\000n\000c\000e\000R\000o\000w\000i\000n\000g}{section.2}% 52
\BOOKMARK [2][-]{subsection.2.51}{\376\377\000D\000i\000s\000t\000a\000n\000c\000e\000S\000w\000i\000m\000m\000i\000n\000g}{section.2}% 53
\BOOKMARK [2][-]{subsection.2.52}{\376\377\000D\000i\000s\000t\000a\000n\000c\000e\000W\000a\000l\000k\000i\000n\000g\000R\000u\000n\000n\000i\000n\000g}{section.2}% 54
\BOOKMARK [2][-]{subsection.2.53}{\376\377\000E\000n\000v\000i\000r\000o\000n\000m\000e\000n\000t\000a\000l\000A\000u\000d\000i\000o\000E\000x\000p\000o\000s\000u\000r\000e}{section.2}% 55
\BOOKMARK [2][-]{subsection.2.54}{\376\377\000E\000n\000v\000i\000r\000o\000n\000m\000e\000n\000t\000a\000l\000S\000o\000u\000n\000d\000R\000e\000d\000u\000c\000t\000i\000o\000n}{section.2}% 56
\BOOKMARK [2][-]{subsection.2.55}{\376\377\000F\000l\000i\000g\000h\000t\000s\000C\000l\000i\000m\000b\000e\000d}{section.2}% 57
\BOOKMARK [2][-]{subsection.2.56}{\376\377\000H\000a\000n\000d\000w\000a\000s\000h\000i\000n\000g\000E\000v\000e\000n\000t}{section.2}% 58
\BOOKMARK [2][-]{subsection.2.57}{\376\377\000H\000e\000a\000d\000p\000h\000o\000n\000e\000A\000u\000d\000i\000o\000E\000x\000p\000o\000s\000u\000r\000e}{section.2}% 59
\BOOKMARK [2][-]{subsection.2.58}{\376\377\000H\000e\000a\000d\000p\000h\000o\000n\000e\000A\000u\000d\000i\000o\000E\000x\000p\000o\000s\000u\000r\000e\000E\000v\000e\000n\000t}{section.2}% 60
\BOOKMARK [2][-]{subsection.2.59}{\376\377\000H\000e\000a\000r\000t\000R\000a\000t\000e}{section.2}% 61
\BOOKMARK [2][-]{subsection.2.60}{\376\377\000H\000e\000a\000r\000t\000R\000a\000t\000e\000R\000e\000c\000o\000v\000e\000r\000y\000O\000n\000e\000M\000i\000n\000u\000t\000e}{section.2}% 62
\BOOKMARK [2][-]{subsection.2.61}{\376\377\000H\000e\000a\000r\000t\000R\000a\000t\000e\000V\000a\000r\000i\000a\000b\000i\000l\000i\000t\000y\000S\000D\000N\000N}{section.2}% 63
\BOOKMARK [2][-]{subsection.2.62}{\376\377\000H\000e\000i\000g\000h\000t}{section.2}% 64
\BOOKMARK [2][-]{subsection.2.63}{\376\377\000H\000i\000g\000h\000H\000e\000a\000r\000t\000R\000a\000t\000e\000E\000v\000e\000n\000t}{section.2}% 65
\BOOKMARK [2][-]{subsection.2.64}{\376\377\000L\000e\000a\000n\000B\000o\000d\000y\000M\000a\000s\000s}{section.2}% 66
\BOOKMARK [2][-]{subsection.2.65}{\376\377\000L\000o\000w\000C\000a\000r\000d\000i\000o\000F\000i\000t\000n\000e\000s\000s\000E\000v\000e\000n\000t}{section.2}% 67
\BOOKMARK [2][-]{subsection.2.66}{\376\377\000L\000o\000w\000H\000e\000a\000r\000t\000R\000a\000t\000e\000E\000v\000e\000n\000t}{section.2}% 68
\BOOKMARK [2][-]{subsection.2.67}{\376\377\000M\000e\000n\000s\000t\000r\000u\000a\000l\000F\000l\000o\000w}{section.2}% 69
\BOOKMARK [2][-]{subsection.2.68}{\376\377\000M\000i\000n\000d\000f\000u\000l\000S\000e\000s\000s\000i\000o\000n}{section.2}% 70
\BOOKMARK [2][-]{subsection.2.69}{\376\377\000O\000x\000y\000g\000e\000n\000S\000a\000t\000u\000r\000a\000t\000i\000o\000n}{section.2}% 71
\BOOKMARK [2][-]{subsection.2.70}{\376\377\000P\000h\000y\000s\000i\000c\000a\000l\000E\000f\000f\000o\000r\000t}{section.2}% 72
\BOOKMARK [2][-]{subsection.2.71}{\376\377\000R\000e\000s\000p\000i\000r\000a\000t\000o\000r\000y\000R\000a\000t\000e}{section.2}% 73
\BOOKMARK [2][-]{subsection.2.72}{\376\377\000R\000e\000s\000t\000i\000n\000g\000H\000e\000a\000r\000t\000R\000a\000t\000e}{section.2}% 74
\BOOKMARK [2][-]{subsection.2.73}{\376\377\000R\000o\000w\000i\000n\000g\000S\000p\000e\000e\000d}{section.2}% 75
\BOOKMARK [2][-]{subsection.2.74}{\376\377\000R\000u\000n\000n\000i\000n\000g\000G\000r\000o\000u\000n\000d\000C\000o\000n\000t\000a\000c\000t\000T\000i\000m\000e}{section.2}% 76
\BOOKMARK [2][-]{subsection.2.75}{\376\377\000R\000u\000n\000n\000i\000n\000g\000P\000o\000w\000e\000r}{section.2}% 77
\BOOKMARK [2][-]{subsection.2.76}{\376\377\000R\000u\000n\000n\000i\000n\000g\000S\000p\000e\000e\000d}{section.2}% 78
\BOOKMARK [2][-]{subsection.2.77}{\376\377\000R\000u\000n\000n\000i\000n\000g\000S\000t\000r\000i\000d\000e\000L\000e\000n\000g\000t\000h}{section.2}% 79
\BOOKMARK [2][-]{subsection.2.78}{\376\377\000R\000u\000n\000n\000i\000n\000g\000V\000e\000r\000t\000i\000c\000a\000l\000O\000s\000c\000i\000l\000l\000a\000t\000i\000o\000n}{section.2}% 80
\BOOKMARK [2][-]{subsection.2.79}{\376\377\000S\000e\000x\000u\000a\000l\000A\000c\000t\000i\000v\000i\000t\000y}{section.2}% 81
\BOOKMARK [2][-]{subsection.2.80}{\376\377\000S\000i\000x\000M\000i\000n\000u\000t\000e\000W\000a\000l\000k\000T\000e\000s\000t\000D\000i\000s\000t\000a\000n\000c\000e}{section.2}% 82
\BOOKMARK [2][-]{subsection.2.81}{\376\377\000S\000l\000e\000e\000p\000A\000n\000a\000l\000y\000s\000i\000s}{section.2}% 83
\BOOKMARK [2][-]{subsection.2.82}{\376\377\000S\000l\000e\000e\000p\000D\000u\000r\000a\000t\000i\000o\000n\000G\000o\000a\000l}{section.2}% 84
\BOOKMARK [2][-]{subsection.2.83}{\376\377\000S\000t\000a\000i\000r\000A\000s\000c\000e\000n\000t\000S\000p\000e\000e\000d}{section.2}% 85
\BOOKMARK [2][-]{subsection.2.84}{\376\377\000S\000t\000a\000i\000r\000D\000e\000s\000c\000e\000n\000t\000S\000p\000e\000e\000d}{section.2}% 86
\BOOKMARK [2][-]{subsection.2.85}{\376\377\000S\000t\000e\000p\000C\000o\000u\000n\000t}{section.2}% 87
\BOOKMARK [2][-]{subsection.2.86}{\376\377\000S\000w\000i\000m\000m\000i\000n\000g\000S\000t\000r\000o\000k\000e\000C\000o\000u\000n\000t}{section.2}% 88
\BOOKMARK [2][-]{subsection.2.87}{\376\377\000T\000i\000m\000e\000I\000n\000D\000a\000y\000l\000i\000g\000h\000t}{section.2}% 89
\BOOKMARK [2][-]{subsection.2.88}{\376\377\000U\000n\000d\000e\000r\000w\000a\000t\000e\000r\000D\000e\000p\000t\000h}{section.2}% 90
\BOOKMARK [2][-]{subsection.2.89}{\376\377\000U\000n\000s\000u\000c\000c\000e\000s\000s\000f\000u\000l\000B\000l\000o\000o\000d\000O\000x\000y\000g\000e\000n\000S\000a\000t\000u\000r\000a\000t\000i\000o\000n\000A\000n\000a\000l\000y\000s\000i\000s\000E\000v\000e\000n\000t}{section.2}% 91
\BOOKMARK [2][-]{subsection.2.90}{\376\377\000V\000O\0002\000M\000a\000x}{section.2}% 92
\BOOKMARK [2][-]{subsection.2.91}{\376\377\000W\000a\000l\000k\000i\000n\000g\000A\000s\000y\000m\000m\000e\000t\000r\000y\000P\000e\000r\000c\000e\000n\000t\000a\000g\000e}{section.2}% 93
\BOOKMARK [2][-]{subsection.2.92}{\376\377\000W\000a\000l\000k\000i\000n\000g\000D\000o\000u\000b\000l\000e\000S\000u\000p\000p\000o\000r\000t\000P\000e\000r\000c\000e\000n\000t\000a\000g\000e}{section.2}% 94
\BOOKMARK [2][-]{subsection.2.93}{\376\377\000W\000a\000l\000k\000i\000n\000g\000H\000e\000a\000r\000t\000R\000a\000t\000e\000A\000v\000e\000r\000a\000g\000e}{section.2}% 95
\BOOKMARK [2][-]{subsection.2.94}{\376\377\000W\000a\000l\000k\000i\000n\000g\000S\000p\000e\000e\000d}{section.2}% 96
\BOOKMARK [2][-]{subsection.2.95}{\376\377\000W\000a\000l\000k\000i\000n\000g\000S\000t\000e\000p\000L\000e\000n\000g\000t\000h}{section.2}% 97
\BOOKMARK [2][-]{subsection.2.96}{\376\377\000W\000a\000t\000e\000r\000T\000e\000m\000p\000e\000r\000a\000t\000u\000r\000e}{section.2}% 98
