\BOOKMARK [1][-]{section.1}{\376\377\000C\000a\000r\000d\000i\000o\000v\000a\000s\000c\000u\000l\000a\000r}{}% 1
\BOOKMARK [2][-]{subsection.1.1}{\376\377\000H\000e\000a\000r\000t\000R\000a\000t\000e}{section.1}% 2
\BOOKMARK [2][-]{subsection.1.2}{\376\377\000H\000e\000a\000r\000t\000R\000a\000t\000e\000R\000e\000c\000o\000v\000e\000r\000y\000O\000n\000e\000M\000i\000n\000u\000t\000e}{section.1}% 3
\BOOKMARK [2][-]{subsection.1.3}{\376\377\000H\000e\000a\000r\000t\000R\000a\000t\000e\000V\000a\000r\000i\000a\000b\000i\000l\000i\000t\000y\000S\000D\000N\000N}{section.1}% 4
\BOOKMARK [2][-]{subsection.1.4}{\376\377\000R\000e\000s\000t\000i\000n\000g\000H\000e\000a\000r\000t\000R\000a\000t\000e}{section.1}% 5
\BOOKMARK [2][-]{subsection.1.5}{\376\377\000V\000O\0002\000M\000a\000x}{section.1}% 6
\BOOKMARK [2][-]{subsection.1.6}{\376\377\000W\000a\000l\000k\000i\000n\000g\000H\000e\000a\000r\000t\000R\000a\000t\000e\000A\000v\000e\000r\000a\000g\000e}{section.1}% 7
\BOOKMARK [1][-]{section.2}{\376\377\000R\000e\000s\000p\000i\000r\000a\000t\000o\000r\000y}{}% 8
\BOOKMARK [2][-]{subsection.2.1}{\376\377\000O\000x\000y\000g\000e\000n\000S\000a\000t\000u\000r\000a\000t\000i\000o\000n}{section.2}% 9
\BOOKMARK [2][-]{subsection.2.2}{\376\377\000R\000e\000s\000p\000i\000r\000a\000t\000o\000r\000y\000R\000a\000t\000e}{section.2}% 10
\BOOKMARK [1][-]{section.3}{\376\377\000V\000i\000t\000a\000l\000s\000\040\000\046\000\040\000B\000o\000d\000y\000\040\000M\000e\000a\000s\000u\000r\000e\000m\000e\000n\000t\000s}{}% 11
\BOOKMARK [2][-]{subsection.3.1}{\376\377\000B\000o\000d\000y\000F\000a\000t\000P\000e\000r\000c\000e\000n\000t\000a\000g\000e}{section.3}% 12
\BOOKMARK [2][-]{subsection.3.2}{\376\377\000B\000o\000d\000y\000M\000a\000s\000s}{section.3}% 13
\BOOKMARK [2][-]{subsection.3.3}{\376\377\000B\000o\000d\000y\000M\000a\000s\000s\000I\000n\000d\000e\000x}{section.3}% 14
\BOOKMARK [2][-]{subsection.3.4}{\376\377\000H\000e\000i\000g\000h\000t}{section.3}% 15
\BOOKMARK [2][-]{subsection.3.5}{\376\377\000L\000e\000a\000n\000B\000o\000d\000y\000M\000a\000s\000s}{section.3}% 16
\BOOKMARK [1][-]{section.4}{\376\377\000S\000l\000e\000e\000p}{}% 17
\BOOKMARK [2][-]{subsection.4.1}{\376\377\000S\000l\000e\000e\000p\000D\000u\000r\000a\000t\000i\000o\000n\000G\000o\000a\000l}{section.4}% 18
\BOOKMARK [1][-]{section.5}{\376\377\000A\000c\000t\000i\000v\000i\000t\000y\000\040\000\046\000\040\000M\000o\000b\000i\000l\000i\000t\000y}{}% 19
\BOOKMARK [2][-]{subsection.5.1}{\376\377\000A\000c\000t\000i\000v\000e\000E\000n\000e\000r\000g\000y\000B\000u\000r\000n\000e\000d}{section.5}% 20
\BOOKMARK [2][-]{subsection.5.2}{\376\377\000A\000p\000p\000l\000e\000E\000x\000e\000r\000c\000i\000s\000e\000T\000i\000m\000e}{section.5}% 21
\BOOKMARK [2][-]{subsection.5.3}{\376\377\000D\000i\000s\000t\000a\000n\000c\000e\000W\000a\000l\000k\000i\000n\000g\000R\000u\000n\000n\000i\000n\000g}{section.5}% 22
\BOOKMARK [2][-]{subsection.5.4}{\376\377\000F\000l\000i\000g\000h\000t\000s\000C\000l\000i\000m\000b\000e\000d}{section.5}% 23
\BOOKMARK [2][-]{subsection.5.5}{\376\377\000R\000u\000n\000n\000i\000n\000g\000G\000r\000o\000u\000n\000d\000C\000o\000n\000t\000a\000c\000t\000T\000i\000m\000e}{section.5}% 24
\BOOKMARK [2][-]{subsection.5.6}{\376\377\000R\000u\000n\000n\000i\000n\000g\000P\000o\000w\000e\000r}{section.5}% 25
\BOOKMARK [2][-]{subsection.5.7}{\376\377\000R\000u\000n\000n\000i\000n\000g\000S\000p\000e\000e\000d}{section.5}% 26
\BOOKMARK [2][-]{subsection.5.8}{\376\377\000R\000u\000n\000n\000i\000n\000g\000S\000t\000r\000i\000d\000e\000L\000e\000n\000g\000t\000h}{section.5}% 27
\BOOKMARK [2][-]{subsection.5.9}{\376\377\000R\000u\000n\000n\000i\000n\000g\000V\000e\000r\000t\000i\000c\000a\000l\000O\000s\000c\000i\000l\000l\000a\000t\000i\000o\000n}{section.5}% 28
\BOOKMARK [2][-]{subsection.5.10}{\376\377\000S\000i\000x\000M\000i\000n\000u\000t\000e\000W\000a\000l\000k\000T\000e\000s\000t\000D\000i\000s\000t\000a\000n\000c\000e}{section.5}% 29
\BOOKMARK [2][-]{subsection.5.11}{\376\377\000S\000t\000a\000i\000r\000A\000s\000c\000e\000n\000t\000S\000p\000e\000e\000d}{section.5}% 30
\BOOKMARK [2][-]{subsection.5.12}{\376\377\000S\000t\000a\000i\000r\000D\000e\000s\000c\000e\000n\000t\000S\000p\000e\000e\000d}{section.5}% 31
\BOOKMARK [2][-]{subsection.5.13}{\376\377\000S\000t\000e\000p\000C\000o\000u\000n\000t}{section.5}% 32
\BOOKMARK [2][-]{subsection.5.14}{\376\377\000W\000a\000l\000k\000i\000n\000g\000A\000s\000y\000m\000m\000e\000t\000r\000y\000P\000e\000r\000c\000e\000n\000t\000a\000g\000e}{section.5}% 33
\BOOKMARK [2][-]{subsection.5.15}{\376\377\000W\000a\000l\000k\000i\000n\000g\000D\000o\000u\000b\000l\000e\000S\000u\000p\000p\000o\000r\000t\000P\000e\000r\000c\000e\000n\000t\000a\000g\000e}{section.5}% 34
\BOOKMARK [2][-]{subsection.5.16}{\376\377\000W\000a\000l\000k\000i\000n\000g\000S\000p\000e\000e\000d}{section.5}% 35
\BOOKMARK [2][-]{subsection.5.17}{\376\377\000W\000a\000l\000k\000i\000n\000g\000S\000t\000e\000p\000L\000e\000n\000g\000t\000h}{section.5}% 36
\BOOKMARK [1][-]{section.6}{\376\377\000N\000u\000t\000r\000i\000t\000i\000o\000n}{}% 37
\BOOKMARK [2][-]{subsection.6.1}{\376\377\000D\000i\000e\000t\000a\000r\000y\000C\000a\000r\000b\000o\000h\000y\000d\000r\000a\000t\000e\000s}{section.6}% 38
\BOOKMARK [2][-]{subsection.6.2}{\376\377\000D\000i\000e\000t\000a\000r\000y\000E\000n\000e\000r\000g\000y\000C\000o\000n\000s\000u\000m\000e\000d}{section.6}% 39
\BOOKMARK [2][-]{subsection.6.3}{\376\377\000D\000i\000e\000t\000a\000r\000y\000F\000a\000t\000T\000o\000t\000a\000l}{section.6}% 40
\BOOKMARK [2][-]{subsection.6.4}{\376\377\000D\000i\000e\000t\000a\000r\000y\000P\000r\000o\000t\000e\000i\000n}{section.6}% 41
\BOOKMARK [2][-]{subsection.6.5}{\376\377\000D\000i\000e\000t\000a\000r\000y\000W\000a\000t\000e\000r}{section.6}% 42
\BOOKMARK [1][-]{section.7}{\376\377\000A\000u\000d\000i\000o\000\040\000\046\000\040\000E\000n\000v\000i\000r\000o\000n\000m\000e\000n\000t\000a\000l}{}% 43
\BOOKMARK [2][-]{subsection.7.1}{\376\377\000E\000n\000v\000i\000r\000o\000n\000m\000e\000n\000t\000a\000l\000A\000u\000d\000i\000o\000E\000x\000p\000o\000s\000u\000r\000e}{section.7}% 44
\BOOKMARK [2][-]{subsection.7.2}{\376\377\000H\000e\000a\000d\000p\000h\000o\000n\000e\000A\000u\000d\000i\000o\000E\000x\000p\000o\000s\000u\000r\000e}{section.7}% 45
\BOOKMARK [2][-]{subsection.7.3}{\376\377\000T\000i\000m\000e\000I\000n\000D\000a\000y\000l\000i\000g\000h\000t}{section.7}% 46
\BOOKMARK [2][-]{subsection.7.4}{\376\377\000U\000n\000d\000e\000r\000w\000a\000t\000e\000r\000D\000e\000p\000t\000h}{section.7}% 47
\BOOKMARK [2][-]{subsection.7.5}{\376\377\000W\000a\000t\000e\000r\000T\000e\000m\000p\000e\000r\000a\000t\000u\000r\000e}{section.7}% 48
\BOOKMARK [1][-]{section.8}{\376\377\000O\000t\000h\000e\000r}{}% 49
\BOOKMARK [2][-]{subsection.8.1}{\376\377\000A\000p\000p\000l\000e\000S\000l\000e\000e\000p\000i\000n\000g\000B\000r\000e\000a\000t\000h\000i\000n\000g\000D\000i\000s\000t\000u\000r\000b\000a\000n\000c\000e\000s}{section.8}% 50
\BOOKMARK [2][-]{subsection.8.2}{\376\377\000A\000p\000p\000l\000e\000S\000l\000e\000e\000p\000i\000n\000g\000W\000r\000i\000s\000t\000T\000e\000m\000p\000e\000r\000a\000t\000u\000r\000e}{section.8}% 51
\BOOKMARK [2][-]{subsection.8.3}{\376\377\000A\000p\000p\000l\000e\000S\000t\000a\000n\000d\000T\000i\000m\000e}{section.8}% 52
\BOOKMARK [2][-]{subsection.8.4}{\376\377\000A\000p\000p\000l\000e\000W\000a\000l\000k\000i\000n\000g\000S\000t\000e\000a\000d\000i\000n\000e\000s\000s}{section.8}% 53
\BOOKMARK [2][-]{subsection.8.5}{\376\377\000B\000a\000s\000a\000l\000E\000n\000e\000r\000g\000y\000B\000u\000r\000n\000e\000d}{section.8}% 54
\BOOKMARK [2][-]{subsection.8.6}{\376\377\000D\000i\000e\000t\000a\000r\000y\000C\000a\000l\000c\000i\000u\000m}{section.8}% 55
\BOOKMARK [2][-]{subsection.8.7}{\376\377\000D\000i\000e\000t\000a\000r\000y\000C\000h\000o\000l\000e\000s\000t\000e\000r\000o\000l}{section.8}% 56
\BOOKMARK [2][-]{subsection.8.8}{\376\377\000D\000i\000e\000t\000a\000r\000y\000C\000o\000p\000p\000e\000r}{section.8}% 57
\BOOKMARK [2][-]{subsection.8.9}{\376\377\000D\000i\000e\000t\000a\000r\000y\000F\000a\000t\000M\000o\000n\000o\000u\000n\000s\000a\000t\000u\000r\000a\000t\000e\000d}{section.8}% 58
\BOOKMARK [2][-]{subsection.8.10}{\376\377\000D\000i\000e\000t\000a\000r\000y\000F\000a\000t\000P\000o\000l\000y\000u\000n\000s\000a\000t\000u\000r\000a\000t\000e\000d}{section.8}% 59
\BOOKMARK [2][-]{subsection.8.11}{\376\377\000D\000i\000e\000t\000a\000r\000y\000F\000a\000t\000S\000a\000t\000u\000r\000a\000t\000e\000d}{section.8}% 60
\BOOKMARK [2][-]{subsection.8.12}{\376\377\000D\000i\000e\000t\000a\000r\000y\000F\000i\000b\000e\000r}{section.8}% 61
\BOOKMARK [2][-]{subsection.8.13}{\376\377\000D\000i\000e\000t\000a\000r\000y\000F\000o\000l\000a\000t\000e}{section.8}% 62
\BOOKMARK [2][-]{subsection.8.14}{\376\377\000D\000i\000e\000t\000a\000r\000y\000I\000r\000o\000n}{section.8}% 63
\BOOKMARK [2][-]{subsection.8.15}{\376\377\000D\000i\000e\000t\000a\000r\000y\000M\000a\000g\000n\000e\000s\000i\000u\000m}{section.8}% 64
\BOOKMARK [2][-]{subsection.8.16}{\376\377\000D\000i\000e\000t\000a\000r\000y\000M\000a\000n\000g\000a\000n\000e\000s\000e}{section.8}% 65
\BOOKMARK [2][-]{subsection.8.17}{\376\377\000D\000i\000e\000t\000a\000r\000y\000N\000i\000a\000c\000i\000n}{section.8}% 66
\BOOKMARK [2][-]{subsection.8.18}{\376\377\000D\000i\000e\000t\000a\000r\000y\000P\000a\000n\000t\000o\000t\000h\000e\000n\000i\000c\000A\000c\000i\000d}{section.8}% 67
\BOOKMARK [2][-]{subsection.8.19}{\376\377\000D\000i\000e\000t\000a\000r\000y\000P\000h\000o\000s\000p\000h\000o\000r\000u\000s}{section.8}% 68
\BOOKMARK [2][-]{subsection.8.20}{\376\377\000D\000i\000e\000t\000a\000r\000y\000P\000o\000t\000a\000s\000s\000i\000u\000m}{section.8}% 69
\BOOKMARK [2][-]{subsection.8.21}{\376\377\000D\000i\000e\000t\000a\000r\000y\000R\000i\000b\000o\000f\000l\000a\000v\000i\000n}{section.8}% 70
\BOOKMARK [2][-]{subsection.8.22}{\376\377\000D\000i\000e\000t\000a\000r\000y\000S\000e\000l\000e\000n\000i\000u\000m}{section.8}% 71
\BOOKMARK [2][-]{subsection.8.23}{\376\377\000D\000i\000e\000t\000a\000r\000y\000S\000o\000d\000i\000u\000m}{section.8}% 72
\BOOKMARK [2][-]{subsection.8.24}{\376\377\000D\000i\000e\000t\000a\000r\000y\000S\000u\000g\000a\000r}{section.8}% 73
\BOOKMARK [2][-]{subsection.8.25}{\376\377\000D\000i\000e\000t\000a\000r\000y\000T\000h\000i\000a\000m\000i\000n}{section.8}% 74
\BOOKMARK [2][-]{subsection.8.26}{\376\377\000D\000i\000e\000t\000a\000r\000y\000V\000i\000t\000a\000m\000i\000n\000A}{section.8}% 75
\BOOKMARK [2][-]{subsection.8.27}{\376\377\000D\000i\000e\000t\000a\000r\000y\000V\000i\000t\000a\000m\000i\000n\000B\0001\0002}{section.8}% 76
\BOOKMARK [2][-]{subsection.8.28}{\376\377\000D\000i\000e\000t\000a\000r\000y\000V\000i\000t\000a\000m\000i\000n\000B\0006}{section.8}% 77
\BOOKMARK [2][-]{subsection.8.29}{\376\377\000D\000i\000e\000t\000a\000r\000y\000V\000i\000t\000a\000m\000i\000n\000C}{section.8}% 78
\BOOKMARK [2][-]{subsection.8.30}{\376\377\000D\000i\000e\000t\000a\000r\000y\000V\000i\000t\000a\000m\000i\000n\000D}{section.8}% 79
\BOOKMARK [2][-]{subsection.8.31}{\376\377\000D\000i\000e\000t\000a\000r\000y\000V\000i\000t\000a\000m\000i\000n\000E}{section.8}% 80
\BOOKMARK [2][-]{subsection.8.32}{\376\377\000D\000i\000e\000t\000a\000r\000y\000V\000i\000t\000a\000m\000i\000n\000K}{section.8}% 81
\BOOKMARK [2][-]{subsection.8.33}{\376\377\000D\000i\000e\000t\000a\000r\000y\000Z\000i\000n\000c}{section.8}% 82
\BOOKMARK [2][-]{subsection.8.34}{\376\377\000D\000i\000s\000t\000a\000n\000c\000e\000C\000y\000c\000l\000i\000n\000g}{section.8}% 83
\BOOKMARK [2][-]{subsection.8.35}{\376\377\000D\000i\000s\000t\000a\000n\000c\000e\000S\000w\000i\000m\000m\000i\000n\000g}{section.8}% 84
\BOOKMARK [2][-]{subsection.8.36}{\376\377\000E\000n\000v\000i\000r\000o\000n\000m\000e\000n\000t\000a\000l\000S\000o\000u\000n\000d\000R\000e\000d\000u\000c\000t\000i\000o\000n}{section.8}% 85
\BOOKMARK [2][-]{subsection.8.37}{\376\377\000P\000h\000y\000s\000i\000c\000a\000l\000E\000f\000f\000o\000r\000t}{section.8}% 86
\BOOKMARK [2][-]{subsection.8.38}{\376\377\000S\000w\000i\000m\000m\000i\000n\000g\000S\000t\000r\000o\000k\000e\000C\000o\000u\000n\000t}{section.8}% 87
