../Core/Src/main.c:129:10:Read_ADC	48	static
../Core/Src/main.c:154:7:convert_adc	16	static
../Core/Src/main.c:162:7:voltage_to_temperature	32	static
../Core/Src/main.c:185:9:CRC8	32	static
../Core/Src/main.c:198:6:BQ_WriteReg	40	static
../Core/Src/main.c:216:6:BQ_ReadRegs	176	static
../Core/Src/main.c:240:7:BQ_ReadCurrent	24	static
../Core/Src/main.c:257:6:BQ_Init	16	static
../Core/Src/main.c:304:6:Discover_BMS	16	static
../Core/Src/main.c:329:5:main	640	static
../Core/Src/main.c:567:6:SystemClock_Config	128	static
../Core/Src/main.c:619:13:MX_ADC1_Init	48	static
../Core/Src/main.c:721:13:MX_ADC2_Init	32	static
../Core/Src/main.c:814:13:MX_I2C1_Init	8	static
../Core/Src/main.c:862:13:MX_TIM3_Init	56	static
../Core/Src/main.c:920:13:MX_TIM17_Init	80	static
../Core/Src/main.c:981:13:MX_DMA_Init	16	static
../Core/Src/main.c:1003:13:MX_GPIO_Init	48	static
../Core/Src/main.c:1043:6:Process_USB_Command	24	static
../Core/Src/main.c:1082:6:Fan_SetSpeed	80	static
../Core/Src/main.c:1118:10:Fan_GetRPM	24	static
../Core/Src/main.c:1151:6:HAL_TIM_PeriodElapsedCallback	16	static
../Core/Src/main.c:1158:6:HAL_TIM_IC_CaptureCallback	24	static
../Core/Src/main.c:1178:6:Error_Handler	4	static,ignoring_inline_asm
