../Core/Src/main.c:117:10:Read_ADC	3
../Core/Src/main.c:142:7:convert_adc	3
../Core/Src/main.c:150:7:voltage_to_temperature	5
../Core/Src/main.c:173:9:CRC8	4
../Core/Src/main.c:186:6:BQ_WriteReg	3
../Core/Src/main.c:204:6:BQ_ReadRegs	4
../Core/Src/main.c:219:7:BQ_ReadCurrent	2
../Core/Src/main.c:236:6:BQ_Init	2
../Core/Src/main.c:244:6:Discover_BMS	3
../Core/Src/main.c:269:5:main	18
../Core/Src/main.c:480:6:SystemClock_Config	4
../Core/Src/main.c:532:13:MX_ADC1_Init	8
../Core/Src/main.c:634:13:MX_ADC2_Init	7
../Core/Src/main.c:727:13:MX_I2C1_Init	4
../Core/Src/main.c:775:13:MX_TIM3_Init	6
../Core/Src/main.c:833:13:MX_TIM17_Init	5
../Core/Src/main.c:894:13:MX_DMA_Init	1
../Core/Src/main.c:916:13:MX_GPIO_Init	1
../Core/Src/main.c:956:6:Process_USB_Command	7
../Core/Src/main.c:988:6:Fan_SetSpeed	4
../Core/Src/main.c:1024:10:Fan_GetRPM	9
../Core/Src/main.c:1057:6:HAL_TIM_PeriodElapsedCallback	2
../Core/Src/main.c:1064:6:HAL_TIM_IC_CaptureCallback	3
../Core/Src/main.c:1084:6:Error_Handler	1
