../Core/Src/main.c:102:5:main	64	static
../Core/Src/main.c:193:6:SystemClock_Config	128	static
../Core/Src/main.c:237:13:MX_ADC1_Init	48	static
../Core/Src/main.c:318:13:MX_I2C1_Init	8	static
../Core/Src/main.c:362:13:MX_TIM3_Init	40	static
../Core/Src/main.c:410:13:MX_TIM6_Init	24	static
../Core/Src/main.c:448:13:MX_TIM17_Init	80	static
../Core/Src/main.c:509:13:MX_DMA_Init	16	static
../Core/Src/main.c:527:13:MX_GPIO_Init	48	static
../Core/Src/main.c:567:13:USB_Print	16	static
../Core/Src/main.c:573:13:MCP4725_Write	32	static
../Core/Src/main.c:582:13:Set_Fan_Duty	24	static
../Core/Src/main.c:591:13:Print_Status	168	static
../Core/Src/main.c:619:13:Process_Command	48	static
../Core/Src/main.c:697:6:HAL_GPIO_EXTI_Callback	16	static
../Core/Src/main.c:712:6:HAL_ADC_ConvCpltCallback	16	static
../Core/Src/main.c:726:6:Error_Handler	4	static,ignoring_inline_asm
