../Core/Src/main.c:102:5:main	4
../Core/Src/main.c:193:6:SystemClock_Config	4
../Core/Src/main.c:237:13:MX_ADC1_Init	7
../Core/Src/main.c:318:13:MX_I2C1_Init	4
../Core/Src/main.c:362:13:MX_TIM3_Init	4
../Core/Src/main.c:410:13:MX_TIM6_Init	3
../Core/Src/main.c:448:13:MX_TIM17_Init	5
../Core/Src/main.c:509:13:MX_DMA_Init	1
../Core/Src/main.c:527:13:MX_GPIO_Init	1
../Core/Src/main.c:567:13:USB_Print	1
../Core/Src/main.c:573:13:MCP4725_Write	2
../Core/Src/main.c:582:13:Set_Fan_Duty	2
../Core/Src/main.c:591:13:Print_Status	3
../Core/Src/main.c:619:13:Process_Command	18
../Core/Src/main.c:697:6:HAL_GPIO_EXTI_Callback	4
../Core/Src/main.c:712:6:HAL_ADC_ConvCpltCallback	2
../Core/Src/main.c:726:6:Error_Handler	1
