C:/Users/EndUser/STM32CubeIDE/workspace_2.0.0/USB-Connection-Firmware/Core/Src/main.c:81:10:Read_ADC	3
C:/Users/EndUser/STM32CubeIDE/workspace_2.0.0/USB-Connection-Firmware/Core/Src/main.c:106:7:convert_adc	3
C:/Users/EndUser/STM32CubeIDE/workspace_2.0.0/USB-Connection-Firmware/Core/Src/main.c:114:7:voltage_to_temperature	5
C:/Users/EndUser/STM32CubeIDE/workspace_2.0.0/USB-Connection-Firmware/Core/Src/main.c:137:9:CRC8	4
C:/Users/EndUser/STM32CubeIDE/workspace_2.0.0/USB-Connection-Firmware/Core/Src/main.c:150:6:BQ_WriteReg	3
C:/Users/EndUser/STM32CubeIDE/workspace_2.0.0/USB-Connection-Firmware/Core/Src/main.c:168:6:BQ_ReadRegs	4
C:/Users/EndUser/STM32CubeIDE/workspace_2.0.0/USB-Connection-Firmware/Core/Src/main.c:183:7:BQ_ReadCurrent	2
C:/Users/EndUser/STM32CubeIDE/workspace_2.0.0/USB-Connection-Firmware/Core/Src/main.c:200:6:BQ_Init	2
C:/Users/EndUser/STM32CubeIDE/workspace_2.0.0/USB-Connection-Firmware/Core/Src/main.c:208:6:Discover_BMS	3
C:/Users/EndUser/STM32CubeIDE/workspace_2.0.0/USB-Connection-Firmware/Core/Src/main.c:233:5:main	8
C:/Users/EndUser/STM32CubeIDE/workspace_2.0.0/USB-Connection-Firmware/Core/Src/main.c:370:6:SystemClock_Config	4
C:/Users/EndUser/STM32CubeIDE/workspace_2.0.0/USB-Connection-Firmware/Core/Src/main.c:422:13:MX_ADC1_Init	8
C:/Users/EndUser/STM32CubeIDE/workspace_2.0.0/USB-Connection-Firmware/Core/Src/main.c:524:13:MX_ADC2_Init	7
C:/Users/EndUser/STM32CubeIDE/workspace_2.0.0/USB-Connection-Firmware/Core/Src/main.c:617:13:MX_I2C1_Init	4
C:/Users/EndUser/STM32CubeIDE/workspace_2.0.0/USB-Connection-Firmware/Core/Src/main.c:663:13:MX_DMA_Init	1
C:/Users/EndUser/STM32CubeIDE/workspace_2.0.0/USB-Connection-Firmware/Core/Src/main.c:685:13:MX_GPIO_Init	1
C:/Users/EndUser/STM32CubeIDE/workspace_2.0.0/USB-Connection-Firmware/Core/Src/main.c:729:6:Error_Handler	1
