Archive member included to satisfy reference by file (symbol)

C:/ST/STM32CubeIDE_2.0.0/STM32CubeIDE/plugins/com.st.stm32cube.ide.mcu.externaltools.gnu-tools-for-stm32.13.3.rel1.win32_1.0.100.202509120712/tools/bin/../lib/gcc/arm-none-eabi/13.3.1/../../../../arm-none-eabi/lib/thumb/v7e-m+fp/hard\libc_nano.a(libc_a-exit.o)
                              C:/ST/STM32CubeIDE_2.0.0/STM32CubeIDE/plugins/com.st.stm32cube.ide.mcu.externaltools.gnu-tools-for-stm32.13.3.rel1.win32_1.0.100.202509120712/tools/bin/../lib/gcc/arm-none-eabi/13.3.1/../../../../arm-none-eabi/lib/thumb/v7e-m+fp/hard/crt0.o (exit)
C:/ST/STM32CubeIDE_2.0.0/STM32CubeIDE/plugins/com.st.stm32cube.ide.mcu.externaltools.gnu-tools-for-stm32.13.3.rel1.win32_1.0.100.202509120712/tools/bin/../lib/gcc/arm-none-eabi/13.3.1/../../../../arm-none-eabi/lib/thumb/v7e-m+fp/hard\libc_nano.a(libc_a-nano-vfprintf_float.o)
                              (_printf_float)
C:/ST/STM32CubeIDE_2.0.0/STM32CubeIDE/plugins/com.st.stm32cube.ide.mcu.externaltools.gnu-tools-for-stm32.13.3.rel1.win32_1.0.100.202509120712/tools/bin/../lib/gcc/arm-none-eabi/13.3.1/../../../../arm-none-eabi/lib/thumb/v7e-m+fp/hard\libc_nano.a(libc_a-nano-vfprintf_i.o)
                              C:/ST/STM32CubeIDE_2.0.0/STM32CubeIDE/plugins/com.st.stm32cube.ide.mcu.externaltools.gnu-tools-for-stm32.13.3.rel1.win32_1.0.100.202509120712/tools/bin/../lib/gcc/arm-none-eabi/13.3.1/../../../../arm-none-eabi/lib/thumb/v7e-m+fp/hard\libc_nano.a(libc_a-nano-vfprintf_float.o) (_printf_common)
C:/ST/STM32CubeIDE_2.0.0/STM32CubeIDE/plugins/com.st.stm32cube.ide.mcu.externaltools.gnu-tools-for-stm32.13.3.rel1.win32_1.0.100.202509120712/tools/bin/../lib/gcc/arm-none-eabi/13.3.1/../../../../arm-none-eabi/lib/thumb/v7e-m+fp/hard\libc_nano.a(libc_a-findfp.o)
                              C:/ST/STM32CubeIDE_2.0.0/STM32CubeIDE/plugins/com.st.stm32cube.ide.mcu.externaltools.gnu-tools-for-stm32.13.3.rel1.win32_1.0.100.202509120712/tools/bin/../lib/gcc/arm-none-eabi/13.3.1/../../../../arm-none-eabi/lib/thumb/v7e-m+fp/hard\libc_nano.a(libc_a-exit.o) (__stdio_exit_handler)
C:/ST/STM32CubeIDE_2.0.0/STM32CubeIDE/plugins/com.st.stm32cube.ide.mcu.externaltools.gnu-tools-for-stm32.13.3.rel1.win32_1.0.100.202509120712/tools/bin/../lib/gcc/arm-none-eabi/13.3.1/../../../../arm-none-eabi/lib/thumb/v7e-m+fp/hard\libc_nano.a(libc_a-fwalk.o)
                              C:/ST/STM32CubeIDE_2.0.0/STM32CubeIDE/plugins/com.st.stm32cube.ide.mcu.externaltools.gnu-tools-for-stm32.13.3.rel1.win32_1.0.100.202509120712/tools/bin/../lib/gcc/arm-none-eabi/13.3.1/../../../../arm-none-eabi/lib/thumb/v7e-m+fp/hard\libc_nano.a(libc_a-findfp.o) (_fwalk_sglue)
C:/ST/STM32CubeIDE_2.0.0/STM32CubeIDE/plugins/com.st.stm32cube.ide.mcu.externaltools.gnu-tools-for-stm32.13.3.rel1.win32_1.0.100.202509120712/tools/bin/../lib/gcc/arm-none-eabi/13.3.1/../../../../arm-none-eabi/lib/thumb/v7e-m+fp/hard\libc_nano.a(libc_a-snprintf.o)
                              ./Application/User/Core/main.o (snprintf)
C:/ST/STM32CubeIDE_2.0.0/STM32CubeIDE/plugins/com.st.stm32cube.ide.mcu.externaltools.gnu-tools-for-stm32.13.3.rel1.win32_1.0.100.202509120712/tools/bin/../lib/gcc/arm-none-eabi/13.3.1/../../../../arm-none-eabi/lib/thumb/v7e-m+fp/hard\libc_nano.a(libc_a-stdio.o)
                              C:/ST/STM32CubeIDE_2.0.0/STM32CubeIDE/plugins/com.st.stm32cube.ide.mcu.externaltools.gnu-tools-for-stm32.13.3.rel1.win32_1.0.100.202509120712/tools/bin/../lib/gcc/arm-none-eabi/13.3.1/../../../../arm-none-eabi/lib/thumb/v7e-m+fp/hard\libc_nano.a(libc_a-findfp.o) (__sread)
C:/ST/STM32CubeIDE_2.0.0/STM32CubeIDE/plugins/com.st.stm32cube.ide.mcu.externaltools.gnu-tools-for-stm32.13.3.rel1.win32_1.0.100.202509120712/tools/bin/../lib/gcc/arm-none-eabi/13.3.1/../../../../arm-none-eabi/lib/thumb/v7e-m+fp/hard\libc_nano.a(libc_a-memset.o)
                              C:/ST/STM32CubeIDE_2.0.0/STM32CubeIDE/plugins/com.st.stm32cube.ide.mcu.externaltools.gnu-tools-for-stm32.13.3.rel1.win32_1.0.100.202509120712/tools/bin/../lib/gcc/arm-none-eabi/13.3.1/../../../../arm-none-eabi/lib/thumb/v7e-m+fp/hard/crt0.o (memset)
C:/ST/STM32CubeIDE_2.0.0/STM32CubeIDE/plugins/com.st.stm32cube.ide.mcu.externaltools.gnu-tools-for-stm32.13.3.rel1.win32_1.0.100.202509120712/tools/bin/../lib/gcc/arm-none-eabi/13.3.1/../../../../arm-none-eabi/lib/thumb/v7e-m+fp/hard\libc_nano.a(libc_a-localeconv.o)
                              C:/ST/STM32CubeIDE_2.0.0/STM32CubeIDE/plugins/com.st.stm32cube.ide.mcu.externaltools.gnu-tools-for-stm32.13.3.rel1.win32_1.0.100.202509120712/tools/bin/../lib/gcc/arm-none-eabi/13.3.1/../../../../arm-none-eabi/lib/thumb/v7e-m+fp/hard\libc_nano.a(libc_a-nano-vfprintf_float.o) (_localeconv_r)
C:/ST/STM32CubeIDE_2.0.0/STM32CubeIDE/plugins/com.st.stm32cube.ide.mcu.externaltools.gnu-tools-for-stm32.13.3.rel1.win32_1.0.100.202509120712/tools/bin/../lib/gcc/arm-none-eabi/13.3.1/../../../../arm-none-eabi/lib/thumb/v7e-m+fp/hard\libc_nano.a(libc_a-closer.o)
[...]
Memory Configuration

Name             Origin             Length             Attributes
CCMRAM           0x10000000         0x00002000         xrw
RAM              0x20000000         0x0000a000         xrw
FLASH            0x08000000         0x00040000         xr
*default*        0x00000000         0xffffffff

Linker script and memory map

LOAD C:/ST/STM32CubeIDE_2.0.0/STM32CubeIDE/plugins/com.st.stm32cube.ide.mcu.externaltools.gnu-tools-for-stm32.13.3.rel1.win32_1.0.100.202509120712/tools/bin/../lib/gcc/arm-none-eabi/13.3.1/thumb/v7e-m+fp/hard/crti.o
LOAD C:/ST/STM32CubeIDE_2.0.0/STM32CubeIDE/plugins/com.st.stm32cube.ide.mcu.externaltools.gnu-tools-for-stm32.13.3.rel1.win32_1.0.100.202509120712/tools/bin/../lib/gcc/arm-none-eabi/13.3.1/thumb/v7e-m+fp/hard/crtbegin.o
LOAD C:/ST/STM32CubeIDE_2.0.0/STM32CubeIDE/plugins/com.st.stm32cube.ide.mcu.externaltools.gnu-tools-for-stm32.13.3.rel1.win32_1.0.100.202509120712/tools/bin/../lib/gcc/arm-none-eabi/13.3.1/../../../../arm-none-eabi/lib/thumb/v7e-m+fp/hard/crt0.o
LOAD ./Application/User/Core/main.o
LOAD ./Application/User/Core/stm32f3xx_hal_msp.o
LOAD ./Application/User/Core/stm32f3xx_it.o
LOAD ./Application/User/Core/syscalls.o
LOAD ./Application/User/Core/sysmem.o
LOAD ./Application/User/Startup/startup_stm32f303rctx.o
LOAD ./Application/User/USB_DEVICE/App/usb_device.o
LOAD ./Application/User/USB_DEVICE/App/usbd_cdc_if.o
LOAD ./Application/User/USB_DEVICE/App/usbd_desc.o
LOAD ./Application/User/USB_DEVICE/Target/usbd_conf.o
LOAD ./Drivers/CMSIS/system_stm32f3xx.o
LOAD ./Drivers/STM32F3xx_HAL_Driver/stm32f3xx_hal.o
LOAD ./Drivers/STM32F3xx_HAL_Driver/stm32f3xx_hal_adc.o
LOAD ./Drivers/STM32F3xx_HAL_Driver/stm32f3xx_hal_adc_ex.o
LOAD ./Drivers/STM32F3xx_HAL_Driver/stm32f3xx_hal_cortex.o
LOAD ./Drivers/STM32F3xx_HAL_Driver/stm32f3xx_hal_dma.o
LOAD ./Drivers/STM32F3xx_HAL_Driver/stm32f3xx_hal_exti.o
LOAD ./Drivers/STM32F3xx_HAL_Driver/stm32f3xx_hal_flash.o
LOAD ./Drivers/STM32F3xx_HAL_Driver/stm32f3xx_hal_flash_ex.o
LOAD ./Drivers/STM32F3xx_HAL_Driver/stm32f3xx_hal_gpio.o
LOAD ./Drivers/STM32F3xx_HAL_Driver/stm32f3xx_hal_i2c.o
LOAD ./Drivers/STM32F3xx_HAL_Driver/stm32f3xx_hal_i2c_ex.o
LOAD ./Drivers/STM32F3xx_HAL_Driver/stm32f3xx_hal_pcd.o
LOAD ./Drivers/STM32F3xx_HAL_Driver/stm32f3xx_hal_pcd_ex.o
LOAD ./Drivers/STM32F3xx_HAL_Driver/stm32f3xx_hal_pwr.o
LOAD ./Drivers/STM32F3xx_HAL_Driver/stm32f3xx_hal_pwr_ex.o
LOAD ./Drivers/STM32F3xx_HAL_Driver/stm32f3xx_hal_rcc.o
LOAD ./Drivers/STM32F3xx_HAL_Driver/stm32f3xx_hal_rcc_ex.o
LOAD ./Drivers/STM32F3xx_HAL_Driver/stm32f3xx_ll_usb.o
LOAD ./Middlewares/USB_Device_Library/usbd_cdc.o
LOAD ./Middlewares/USB_Device_Library/usbd_core.o
LOAD ./Middlewares/USB_Device_Library/usbd_ctlreq.o
LOAD ./Middlewares/USB_Device_Library/usbd_ioreq.o
START GROUP
LOAD C:/ST/STM32CubeIDE_2.0.0/STM32CubeIDE/plugins/com.st.stm32cube.ide.mcu.externaltools.gnu-tools-for-stm32.13.3.rel1.win32_1.0.100.202509120712/tools/bin/../lib/gcc/arm-none-eabi/13.3.1/../../../../arm-none-eabi/lib/thumb/v7e-m+fp/hard\libc_nano.a
LOAD C:/ST/STM32CubeIDE_2.0.0/STM32CubeIDE/plugins/com.st.stm32cube.ide.mcu.externaltools.gnu-tools-for-stm32.13.3.rel1.win32_1.0.100.202509120712/tools/bin/../lib/gcc/arm-none-eabi/13.3.1/../../../../arm-none-eabi/lib/thumb/v7e-m+fp/hard\libm.a
END GROUP
START GROUP
LOAD C:/ST/STM32CubeIDE_2.0.0/STM32CubeIDE/plugins/com.st.stm32cube.ide.mcu.externaltools.gnu-tools-for-stm32.13.3.rel1.win32_1.0.100.202509120712/tools/bin/../lib/gcc/arm-none-eabi/13.3.1/thumb/v7e-m+fp/hard\libgcc.a
LOAD C:/ST/STM32CubeIDE_2.0.0/STM32CubeIDE/plugins/com.st.stm32cube.ide.mcu.externaltools.gnu-tools-for-stm32.13.3.rel1.win32_1.0.100.202509120712/tools/bin/../lib/gcc/arm-none-eabi/13.3.1/../../../../arm-none-eabi/lib/thumb/v7e-m+fp/hard\libc_nano.a
END GROUP
START GROUP
LOAD C:/ST/STM32CubeIDE_2.0.0/STM32CubeIDE/plugins/com.st.stm32cube.ide.mcu.externaltools.gnu-tools-for-stm32.13.3.rel1.win32_1.0.100.202509120712/tools/bin/../lib/gcc/arm-none-eabi/13.3.1/thumb/v7e-m+fp/hard\libgcc.a
LOAD C:/ST/STM32CubeIDE_2.0.0/STM32CubeIDE/plugins/com.st.stm32cube.ide.mcu.externaltools.gnu-tools-for-stm32.13.3.rel1.win32_1.0.100.202509120712/tools/bin/../lib/gcc/arm-none-eabi/13.3.1/../../../../arm-none-eabi/lib/thumb/v7e-m+fp/hard\libc_nano.a
LOAD C:/ST/STM32CubeIDE_2.0.0/STM32CubeIDE/plugins/com.st.stm32cube.ide.mcu.externaltools.gnu-tools-for-stm32.13.3.rel1.win32_1.0.100.202509120712/tools/bin/../lib/gcc/arm-none-eabi/13.3.1/../../../../arm-none-eabi/lib/thumb/v7e-m+fp/hard\libnosys.a
END GROUP
START GROUP
LOAD C:/ST/STM32CubeIDE_2.0.0/STM32CubeIDE/plugins/com.st.stm32cube.ide.mcu.externaltools.gnu-tools-for-stm32.13.3.rel1.win32_1.0.100.202509120712/tools/bin/../lib/gcc/arm-none-eabi/13.3.1/thumb/v7e-m+fp/hard\libgcc.a
LOAD C:/ST/STM32CubeIDE_2.0.0/STM32CubeIDE/plugins/com.st.stm32cube.ide.mcu.externaltools.gnu-tools-for-stm32.13.3.rel1.win32_1.0.100.202509120712/tools/bin/../lib/gcc/arm-none-eabi/13.3.1/../../../../arm-none-eabi/lib/thumb/v7e-m+fp/hard\libc_nano.a
LOAD C:/ST/STM32CubeIDE_2.0.0/STM32CubeIDE/plugins/com.st.stm32cube.ide.mcu.externaltools.gnu-tools-for-stm32.13.3.rel1.win32_1.0.100.202509120712/tools/bin/../lib/gcc/arm-none-eabi/13.3.1/../../../../arm-none-eabi/lib/thumb/v7e-m+fp/hard\libnosys.a
END GROUP
LOAD C:/ST/STM32CubeIDE_2.0.0/STM32CubeIDE/plugins/com.st.stm32cube.ide.mcu.externaltools.gnu-tools-for-stm32.13.3.rel1.win32_1.0.100.202509120712/tools/bin/../lib/gcc/arm-none-eabi/13.3.1/thumb/v7e-m+fp/hard/crtend.o
LOAD C:/ST/STM32CubeIDE_2.0.0/STM32CubeIDE/plugins/com.st.stm32cube.ide.mcu.externaltools.gnu-tools-for-stm32.13.3.rel1.win32_1.0.100.202509120712/tools/bin/../lib/gcc/arm-none-eabi/13.3.1/thumb/v7e-m+fp/hard/crtn.o
                0x2000a000                        _estack = (ORIGIN (RAM) + LENGTH (RAM))
                0x00000800                        _Min_Heap_Size = 0x800
                0x00000400                        _Min_Stack_Size = 0x400

.isr_vector     0x08000000      0x188
                0x08000000                        . = ALIGN (0x4)
 *(.isr_vector)
 .isr_vector    0x08000000      0x188 ./Application/User/Startup/startup_stm32f303rctx.o
                0x08000000                g_pfnVectors
                0x08000188                        . = ALIGN (0x4)

.text           0x08000190     0xefe4
                0x08000190                        . = ALIGN (0x4)
 *(.text)
 .text          0x08000190       0x40 C:/ST/STM32CubeIDE_2.0.0/STM32CubeIDE/plugins/com.st.stm32cube.ide.mcu.externaltools.gnu-tools-for-stm32.13.3.rel1.win32_1.0.100.202509120712/tools/bin/../lib/gcc/arm-none-eabi/13.3.1/thumb/v7e-m+fp/hard/crtbegin.o
 .text          0x080001d0       0xa0 C:/ST/STM32CubeIDE_2.0.0/STM32CubeIDE/plugins/com.st.stm32cube.ide.mcu.externaltools.gnu-tools-for-stm32.13.3.rel1.win32_1.0.100.202509120712/tools/bin/../lib/gcc/arm-none-eabi/13.3.1/../../../../arm-none-eabi/lib/thumb/v7e-m+fp/hard\libc_nano.a(libc_a-memchr.o)
                0x080001d0                memchr
 .text          0x08000270       0x10 C:/ST/STM32CubeIDE_2.0.0/STM32CubeIDE/plugins/com.st.stm32cube.ide.mcu.externaltools.gnu-tools-for-stm32.13.3.rel1.win32_1.0.100.202509120712/tools/bin/../lib/gcc/arm-none-eabi/13.3.1/../../../../arm-none-eabi/lib/thumb/v7e-m+fp/hard\libc_nano.a(libc_a-strlen.o)
                0x08000270                strlen
 .text          0x08000280      0x378 C:/ST/STM32CubeIDE_2.0.0/STM32CubeIDE/plugins/com.st.stm32cube.ide.mcu.externaltools.gnu-tools-for-stm32.13.3.rel1.win32_1.0.100.202509120712/tools/bin/../lib/gcc/arm-none-eabi/13.3.1/thumb/v7e-m+fp/hard\libgcc.a(_arm_addsubdf3.o)
                0x08000280                __aeabi_drsub
                0x08000288                __aeabi_dsub
                0x08000288                __subdf3
                0x0800028c                __aeabi_dadd
                0x0800028c                __adddf3
                0x08000504                __floatunsidf
                0x08000504                __aeabi_ui2d
                0x08000524                __floatsidf
                0x08000524                __aeabi_i2d
                0x08000548                __aeabi_f2d
                0x08000548                __extendsfdf2
                0x0800058c                __floatundidf
                0x0800058c                __aeabi_ul2d
                0x0800059c                __floatdidf
                0x0800059c                __aeabi_l2d
 .text          0x080005f8      0x424 C:/ST/STM32CubeIDE_2.0.0/STM32CubeIDE/plugins/com.st.stm32cube.ide.mcu.externaltools.gnu-tools-for-stm32.13.3.rel1.win32_1.0.100.202509120712/tools/bin/../lib/gcc/arm-none-eabi/13.3.1/thumb/v7e-m+fp/hard\libgcc.a(_arm_muldivdf3.o)
                0x080005f8                __aeabi_dmul
                0x080005f8                __muldf3
                0x0800084c                __divdf3
                0x0800084c                __aeabi_ddiv
 .text          0x08000a1c      0x110 C:/ST/STM32CubeIDE_2.0.0/STM32CubeIDE/plugins/com.st.stm32cube.ide.mcu.externaltools.gnu-tools-for-stm32.13.3.rel1.win32_1.0.100.202509120712/tools/bin/../lib/gcc/arm-none-eabi/13.3.1/thumb/v7e-m+fp/hard\libgcc.a(_arm_cmpdf2.o)
                0x08000a1c                __gtdf2
                0x08000a1c                __gedf2
                0x08000a24                __ltdf2
                0x08000a24                __ledf2
                0x08000a2c                __nedf2
                0x08000a2c                __eqdf2
                0x08000a2c                __cmpdf2
                0x08000aa8                __aeabi_cdrcmple
                0x08000ab8                __aeabi_cdcmpeq
                0x08000ab8                __aeabi_cdcmple
                0x08000ac8                __aeabi_dcmpeq
                0x08000adc                __aeabi_dcmplt
                0x08000af0                __aeabi_dcmple
                0x08000b04                __aeabi_dcmpge
                0x08000b18                __aeabi_dcmpgt
 .text          0x08000b2c       0x2c C:/ST/STM32CubeIDE_2.0.0/STM32CubeIDE/plugins/com.st.stm32cube.ide.mcu.externaltools.gnu-tools-for-stm32.13.3.rel1.win32_1.0.100.202509120712/tools/bin/../lib/gcc/arm-none-eabi/13.3.1/thumb/v7e-m+fp/hard\libgcc.a(_arm_unorddf2.o)
                0x08000b2c                __unorddf2
                0x08000b2c                __aeabi_dcmpun
 .text          0x08000b58       0x50 C:/ST/STM32CubeIDE_2.0.0/STM32CubeIDE/plugins/com.st.stm32cube.ide.mcu.externaltools.gnu-tools-for-stm32.13.3.rel1.win32_1.0.100.202509120712/tools/bin/../lib/gcc/arm-none-eabi/13.3.1/thumb/v7e-m+fp/hard\libgcc.a(_arm_fixdfsi.o)
                0x08000b58                __aeabi_d2iz
                0x08000b58                __fixdfsi
 *(.text*)
 .text.Read_ADC
                0x08000ba8       0x88 ./Application/User/Core/main.o
                0x08000ba8                Read_ADC
 .text.convert_adc
                0x08000c30       0x64 ./Application/User/Core/main.o
                0x08000c30                convert_adc
 .text.voltage_to_temperature
                0x08000c94      0x114 ./Application/User/Core/main.o
                0x08000c94                voltage_to_temperature
 .text.CRC8     0x08000da8       0x70 ./Application/User/Core/main.o
                0x08000da8                CRC8
 .text.BQ_WriteReg
                0x08000e18       0x9c ./Application/User/Core/main.o
                0x08000e18                BQ_WriteReg
 .text.BQ_ReadRegs
                0x08000eb4       0xb0 ./Application/User/Core/main.o
                0x08000eb4                BQ_ReadRegs
 .text.BQ_ReadCurrent
                0x08000f64       0x64 ./Application/User/Core/main.o
                0x08000f64                BQ_ReadCurrent
 .text.BQ_Init  0x08000fc8       0x30 ./Application/User/Core/main.o
                0x08000fc8                BQ_Init
 .text.Discover_BMS
                0x08000ff8       0x68 ./Application/User/Core/main.o
                0x08000ff8                Discover_BMS
 .text.main     0x08001060      0x4f4 ./Application/User/Core/main.o
                0x08001060                main
 .text.SystemClock_Config
                0x08001554       0xd4 ./Application/User/Core/main.o
                0x08001554                SystemClock_Config
 .text.MX_ADC1_Init
                0x08001628      0x150 ./Application/User/Core/main.o
 .text.MX_ADC2_Init
                0x08001778      0x12c ./Application/User/Core/main.o
 .text.MX_I2C1_Init
                0x080018a4       0x80 ./Application/User/Core/main.o
 .text.MX_DMA_Init
                0x08001924       0x64 ./Application/User/Core/main.o
 .text.MX_GPIO_Init
                0x08001988       0xd4 ./Application/User/Core/main.o
 .text.Error_Handler
                0x08001a5c        0xc ./Application/User/Core/main.o
                0x08001a5c                Error_Handler
 .text.HAL_MspInit
                0x08001a68       0x48 ./Application/User/Core/stm32f3xx_hal_msp.o
                0x08001a68                HAL_MspInit
 .text.HAL_ADC_MspInit
                0x08001ab0      0x214 ./Application/User/Core/stm32f3xx_hal_msp.o
                0x08001ab0                HAL_ADC_MspInit
 .text.HAL_I2C_MspInit
                0x08001cc4       0xc4 ./Application/User/Core/stm32f3xx_hal_msp.o
                0x08001cc4                HAL_I2C_MspInit
 .text.NMI_Handler
                0x08001d88        0x8 ./Application/User/Core/stm32f3xx_it.o
                0x08001d88                NMI_Handler
 .text.HardFault_Handler
                0x08001d90        0x8 ./Application/User/Core/stm32f3xx_it.o
                0x08001d90                HardFault_Handler
 .text.MemManage_Handler
                0x08001d98        0x8 ./Application/User/Core/stm32f3xx_it.o
                0x08001d98                MemManage_Handler
 .text.BusFault_Handler
                0x08001da0        0x8 ./Application/User/Core/stm32f3xx_it.o
                0x08001da0                BusFault_Handler
 .text.UsageFault_Handler
                0x08001da8        0x8 ./Application/User/Core/stm32f3xx_it.o
                0x08001da8                UsageFault_Handler
 .text.SVC_Handler
                0x08001db0        0xe ./Application/User/Core/stm32f3xx_it.o
                0x08001db0                SVC_Handler
 .text.DebugMon_Handler
                0x08001dbe        0xe ./Application/User/Core/stm32f3xx_it.o
                0x08001dbe                DebugMon_Handler
 .text.PendSV_Handler
                0x08001dcc        0xe ./Application/User/Core/stm32f3xx_it.o
                0x08001dcc                PendSV_Handler
 .text.SysTick_Handler
                0x08001dda        0xc ./Application/User/Core/stm32f3xx_it.o
                0x08001dda                SysTick_Handler
 *fill*         0x08001de6        0x2 
 .text.DMA1_Channel1_IRQHandler
                0x08001de8       0x14 ./Application/User/Core/stm32f3xx_it.o
                0x08001de8                DMA1_Channel1_IRQHandler
 .text.USB_HP_CAN_TX_IRQHandler
                0x08001dfc       0x14 ./Application/User/Core/stm32f3xx_it.o
                0x08001dfc                USB_HP_CAN_TX_IRQHandler
 .text.USB_LP_CAN_RX0_IRQHandler
                0x08001e10       0x14 ./Application/User/Core/stm32f3xx_it.o
                0x08001e10                USB_LP_CAN_RX0_IRQHandler
 .text.DMA2_Channel1_IRQHandler
                0x08001e24       0x14 ./Application/User/Core/stm32f3xx_it.o
                0x08001e24                DMA2_Channel1_IRQHandler
 .text._getpid  0x08001e38       0x10 ./Application/User/Core/syscalls.o
                0x08001e38                _getpid
 .text._kill    0x08001e48       0x20 ./Application/User/Core/syscalls.o
                0x08001e48                _kill
 .text._exit    0x08001e68       0x16 ./Application/User/Core/syscalls.o
                0x08001e68                _exit
 .text._read    0x08001e7e       0x3a ./Application/User/Core/syscalls.o
                0x08001e7e                _read
 .text._write   0x08001eb8       0x38 ./Application/User/Core/syscalls.o
                0x08001eb8                _write
 .text._close   0x08001ef0       0x18 ./Application/User/Core/syscalls.o
                0x08001ef0                _close
 .text._fstat   0x08001f08       0x20 ./Application/User/Core/syscalls.o
                0x08001f08                _fstat
 .text._isatty  0x08001f28       0x16 ./Application/User/Core/syscalls.o
                0x08001f28                _isatty
 .text._lseek   0x08001f3e       0x1a ./Application/User/Core/syscalls.o
                0x08001f3e                _lseek
 .text._sbrk    0x08001f58       0x6c ./Application/User/Core/sysmem.o
                0x08001f58                _sbrk
 .text.Reset_Handler
                0x08001fc4       0x50 ./Application/User/Startup/startup_stm32f303rctx.o
                0x08001fc4                Reset_Handler
 .text.Default_Handler
                0x08002014        0x2 ./Application/User/Startup/startup_stm32f303rctx.o
                0x08002014                RTC_Alarm_IRQHandler
                0x08002014                TIM8_TRG_COM_IRQHandler
                0x08002014                TIM8_CC_IRQHandler
                0x08002014                TIM1_CC_IRQHandler
                0x08002014                USB_HP_IRQHandler
                0x08002014                PVD_IRQHandler
                0x08002014                TAMP_STAMP_IRQHandler
                0x08002014                EXTI3_IRQHandler
                0x08002014                EXTI0_IRQHandler
                0x08002014                I2C2_EV_IRQHandler
                0x08002014                FPU_IRQHandler
                0x08002014                TIM1_UP_TIM16_IRQHandler
                0x08002014                ADC1_2_IRQHandler
                0x08002014                SPI1_IRQHandler
                0x08002014                CAN_SCE_IRQHandler
                0x08002014                TIM6_DAC_IRQHandler
                0x08002014                TIM8_UP_IRQHandler
                0x08002014                DMA2_Channel2_IRQHandler
                0x08002014                DMA1_Channel4_IRQHandler
                0x08002014                USART3_IRQHandler
                0x08002014                DMA1_Channel7_IRQHandler
                0x08002014                UART5_IRQHandler
                0x08002014                ADC3_IRQHandler
                0x08002014                TIM4_IRQHandler
                0x08002014                CAN_RX1_IRQHandler
                0x08002014                I2C1_EV_IRQHandler
                0x08002014                DMA1_Channel6_IRQHandler
                0x08002014                UART4_IRQHandler
                0x08002014                DMA2_Channel4_IRQHandler
                0x08002014                TIM3_IRQHandler
                0x08002014                RCC_IRQHandler
                0x08002014                Default_Handler
                0x08002014                USBWakeUp_RMP_IRQHandler
                0x08002014                EXTI15_10_IRQHandler
                0x08002014                TIM7_IRQHandler
                0x08002014                EXTI9_5_IRQHandler
                0x08002014                RTC_WKUP_IRQHandler
                0x08002014                SPI2_IRQHandler
                0x08002014                DMA2_Channel5_IRQHandler
                0x08002014                DMA1_Channel5_IRQHandler
                0x08002014                USB_LP_IRQHandler
                0x08002014                EXTI4_IRQHandler
                0x08002014                TIM1_TRG_COM_TIM17_IRQHandler
                0x08002014                DMA1_Channel3_IRQHandler
                0x08002014                ADC4_IRQHandler
                0x08002014                WWDG_IRQHandler
                0x08002014                TIM2_IRQHandler
                0x08002014                COMP7_IRQHandler
                0x08002014                COMP1_2_3_IRQHandler
                0x08002014                EXTI1_IRQHandler
                0x08002014                USART2_IRQHandler
                0x08002014                COMP4_5_6_IRQHandler
                0x08002014                I2C2_ER_IRQHandler
                0x08002014                DMA1_Channel2_IRQHandler
                0x08002014                TIM8_BRK_IRQHandler
                0x08002014                FLASH_IRQHandler
                0x08002014                USART1_IRQHandler
                0x08002014                SPI3_IRQHandler
                0x08002014                I2C1_ER_IRQHandler
                0x08002014                USBWakeUp_IRQHandler
                0x08002014                DMA2_Channel3_IRQHandler
                0x08002014                EXTI2_TSC_IRQHandler
                0x08002014                TIM1_BRK_TIM15_IRQHandler
 *fill*         0x08002016        0x2 
 .text.MX_USB_DEVICE_Init
                0x08002018       0x60 ./Application/User/USB_DEVICE/App/usb_device.o
                0x08002018                MX_USB_DEVICE_Init
 .text.CDC_Init_FS
                0x08002078       0x28 ./Application/User/USB_DEVICE/App/usbd_cdc_if.o
 .text.CDC_DeInit_FS
                0x080020a0       0x10 ./Application/User/USB_DEVICE/App/usbd_cdc_if.o
 .text.CDC_Control_FS
                0x080020b0       0xbc ./Application/User/USB_DEVICE/App/usbd_cdc_if.o
 .text.CDC_Receive_FS
                0x0800216c       0x28 ./Application/User/USB_DEVICE/App/usbd_cdc_if.o
 .text.CDC_Transmit_FS
                0x08002194       0x4c ./Application/User/USB_DEVICE/App/usbd_cdc_if.o
                0x08002194                CDC_Transmit_FS
 .text.USBD_FS_DeviceDescriptor
                0x080021e0       0x24 ./Application/User/USB_DEVICE/App/usbd_desc.o
                0x080021e0                USBD_FS_DeviceDescriptor
 .text.USBD_FS_LangIDStrDescriptor
                0x08002204       0x24 ./Application/User/USB_DEVICE/App/usbd_desc.o
                0x08002204                USBD_FS_LangIDStrDescriptor
 .text.USBD_FS_ProductStrDescriptor
                0x08002228       0x3c ./Application/User/USB_DEVICE/App/usbd_desc.o
                0x08002228                USBD_FS_ProductStrDescriptor
 .text.USBD_FS_ManufacturerStrDescriptor
                0x08002264       0x28 ./Application/User/USB_DEVICE/App/usbd_desc.o
                0x08002264                USBD_FS_ManufacturerStrDescriptor
 .text.USBD_FS_SerialStrDescriptor
                0x0800228c       0x24 ./Application/User/USB_DEVICE/App/usbd_desc.o
                0x0800228c                USBD_FS_SerialStrDescriptor
 .text.USBD_FS_ConfigStrDescriptor
                0x080022b0       0x3c ./Application/User/USB_DEVICE/App/usbd_desc.o
                0x080022b0                USBD_FS_ConfigStrDescriptor
 .text.USBD_FS_InterfaceStrDescriptor
                0x080022ec       0x3c ./Application/User/USB_DEVICE/App/usbd_desc.o
                0x080022ec                USBD_FS_InterfaceStrDescriptor
 .text.Get_SerialNum
                0x08002328       0x58 ./Application/User/USB_DEVICE/App/usbd_desc.o
 .text.IntToUnicode
                0x08002380       0x7e ./Application/User/USB_DEVICE/App/usbd_desc.o
 *fill*         0x080023fe        0x2 
 .text.HAL_PCD_MspInit
                0x08002400       0xa8 ./Application/User/USB_DEVICE/Target/usbd_conf.o
                0x08002400                HAL_PCD_MspInit
 .text.HAL_PCD_SetupStageCallback
                0x080024a8       0x24 ./Application/User/USB_DEVICE/Target/usbd_conf.o
                0x080024a8                HAL_PCD_SetupStageCallback
 .text.HAL_PCD_DataOutStageCallback
                0x080024cc       0x36 ./Application/User/USB_DEVICE/Target/usbd_conf.o
                0x080024cc                HAL_PCD_DataOutStageCallback
 .text.HAL_PCD_DataInStageCallback
                0x08002502       0x34 ./Application/User/USB_DEVICE/Target/usbd_conf.o
                0x08002502                HAL_PCD_DataInStageCallback
 .text.HAL_PCD_SOFCallback
                0x08002536       0x1c ./Application/User/USB_DEVICE/Target/usbd_conf.o
                0x08002536                HAL_PCD_SOFCallback
 .text.HAL_PCD_ResetCallback
                0x08002552       0x3c ./Application/User/USB_DEVICE/Target/usbd_conf.o
                0x08002552                HAL_PCD_ResetCallback
 *fill*         0x0800258e        0x2 
 .text.HAL_PCD_SuspendCallback
                0x08002590       0x34 ./Application/User/USB_DEVICE/Target/usbd_conf.o
                0x08002590                HAL_PCD_SuspendCallback
 .text.HAL_PCD_ResumeCallback
                0x080025c4       0x1c ./Application/User/USB_DEVICE/Target/usbd_conf.o
                0x080025c4                HAL_PCD_ResumeCallback
 .text.USBD_LL_Init
                0x080025e0       0xb4 ./Application/User/USB_DEVICE/Target/usbd_conf.o
                0x080025e0                USBD_LL_Init
 .text.USBD_LL_Start
                0x08002694       0x36 ./Application/User/USB_DEVICE/Target/usbd_conf.o
                0x08002694                USBD_LL_Start
 .text.USBD_LL_OpenEP
                0x080026ca       0x4c ./Application/User/USB_DEVICE/Target/usbd_conf.o
                0x080026ca                USBD_LL_OpenEP
 .text.USBD_LL_CloseEP
                0x08002716       0x3e ./Application/User/USB_DEVICE/Target/usbd_conf.o
                0x08002716                USBD_LL_CloseEP
 .text.USBD_LL_StallEP
                0x08002754       0x3e ./Application/User/USB_DEVICE/Target/usbd_conf.o
                0x08002754                USBD_LL_StallEP
 .text.USBD_LL_ClearStallEP
                0x08002792       0x3e ./Application/User/USB_DEVICE/Target/usbd_conf.o
                0x08002792                USBD_LL_ClearStallEP
 .text.USBD_LL_IsStallEP
                0x080027d0       0x58 ./Application/User/USB_DEVICE/Target/usbd_conf.o
                0x080027d0                USBD_LL_IsStallEP
 .text.USBD_LL_SetUSBAddress
                0x08002828       0x3e ./Application/User/USB_DEVICE/Target/usbd_conf.o
                0x08002828                USBD_LL_SetUSBAddress
 .text.USBD_LL_Transmit
                0x08002866       0x46 ./Application/User/USB_DEVICE/Target/usbd_conf.o
                0x08002866                USBD_LL_Transmit
 .text.USBD_LL_PrepareReceive
                0x080028ac       0x46 ./Application/User/USB_DEVICE/Target/usbd_conf.o
                0x080028ac                USBD_LL_PrepareReceive
 .text.USBD_LL_GetRxDataSize
                0x080028f2       0x26 ./Application/User/USB_DEVICE/Target/usbd_conf.o
                0x080028f2                USBD_LL_GetRxDataSize
 .text.USBD_static_malloc
                0x08002918       0x1c ./Application/User/USB_DEVICE/Target/usbd_conf.o
                0x08002918                USBD_static_malloc
 .text.USBD_static_free
                0x08002934       0x14 ./Application/User/USB_DEVICE/Target/usbd_conf.o
                0x08002934                USBD_static_free
 .text.HAL_PCDEx_SetConnectionState
                0x08002948       0x34 ./Application/User/USB_DEVICE/Target/usbd_conf.o
                0x08002948                HAL_PCDEx_SetConnectionState
 .text.USBD_Get_USB_Status
                0x0800297c       0x58 ./Application/User/USB_DEVICE/Target/usbd_conf.o
 .text.SystemInit
                0x080029d4       0x24 ./Drivers/CMSIS/system_stm32f3xx.o
                0x080029d4                SystemInit
 .text.HAL_Init
                0x080029f8       0x2c ./Drivers/STM32F3xx_HAL_Driver/stm32f3xx_hal.o
                0x080029f8                HAL_Init
 .text.HAL_InitTick
                0x08002a24       0x60 ./Drivers/STM32F3xx_HAL_Driver/stm32f3xx_hal.o
                0x08002a24                HAL_InitTick
 .text.HAL_IncTick
                0x08002a84       0x28 ./Drivers/STM32F3xx_HAL_Driver/stm32f3xx_hal.o
                0x08002a84                HAL_IncTick
 .text.HAL_GetTick
                0x08002aac       0x18 ./Drivers/STM32F3xx_HAL_Driver/stm32f3xx_hal.o
                0x08002aac                HAL_GetTick
 .text.HAL_Delay
                0x08002ac4       0x48 ./Drivers/STM32F3xx_HAL_Driver/stm32f3xx_hal.o
                0x08002ac4                HAL_Delay
 .text.HAL_ADC_Init
                0x08002b0c      0x3c0 ./Drivers/STM32F3xx_HAL_Driver/stm32f3xx_hal_adc_ex.o
                0x08002b0c                HAL_ADC_Init
 .text.HAL_ADC_Start
                0x08002ecc      0x22c ./Drivers/STM32F3xx_HAL_Driver/stm32f3xx_hal_adc_ex.o
                0x08002ecc                HAL_ADC_Start
 .text.HAL_ADC_Stop
                0x080030f8       0x6a ./Drivers/STM32F3xx_HAL_Driver/stm32f3xx_hal_adc_ex.o
                0x080030f8                HAL_ADC_Stop
 *fill*         0x08003162        0x2 
 .text.HAL_ADC_PollForConversion
                0x08003164      0x204 ./Drivers/STM32F3xx_HAL_Driver/stm32f3xx_hal_adc_ex.o
                0x08003164                HAL_ADC_PollForConversion
 .text.HAL_ADC_GetValue
                0x08003368       0x1a ./Drivers/STM32F3xx_HAL_Driver/stm32f3xx_hal_adc_ex.o
                0x08003368                HAL_ADC_GetValue
 *fill*         0x08003382        0x2 
 .text.HAL_ADC_ConfigChannel
                0x08003384      0x5d4 ./Drivers/STM32F3xx_HAL_Driver/stm32f3xx_hal_adc_ex.o
                0x08003384                HAL_ADC_ConfigChannel
 .text.HAL_ADCEx_MultiModeConfigChannel
                0x08003958      0x1e4 ./Drivers/STM32F3xx_HAL_Driver/stm32f3xx_hal_adc_ex.o
                0x08003958                HAL_ADCEx_MultiModeConfigChannel
 .text.ADC_Enable
                0x08003b3c       0xc8 ./Drivers/STM32F3xx_HAL_Driver/stm32f3xx_hal_adc_ex.o
 .text.ADC_Disable
                0x08003c04       0xcc ./Drivers/STM32F3xx_HAL_Driver/stm32f3xx_hal_adc_ex.o
 .text.ADC_ConversionStop
                0x08003cd0      0x16c ./Drivers/STM32F3xx_HAL_Driver/stm32f3xx_hal_adc_ex.o
 .text.__NVIC_SetPriorityGrouping
                0x08003e3c       0x48 ./Drivers/STM32F3xx_HAL_Driver/stm32f3xx_hal_cortex.o
 .text.__NVIC_GetPriorityGrouping
                0x08003e84       0x1c ./Drivers/STM32F3xx_HAL_Driver/stm32f3xx_hal_cortex.o
 .text.__NVIC_EnableIRQ
                0x08003ea0       0x3c ./Drivers/STM32F3xx_HAL_Driver/stm32f3xx_hal_cortex.o
 .text.__NVIC_SetPriority
                0x08003edc       0x54 ./Drivers/STM32F3xx_HAL_Driver/stm32f3xx_hal_cortex.o
 .text.NVIC_EncodePriority
                0x08003f30       0x66 ./Drivers/STM32F3xx_HAL_Driver/stm32f3xx_hal_cortex.o
 *fill*         0x08003f96        0x2 
 .text.SysTick_Config
                0x08003f98       0x44 ./Drivers/STM32F3xx_HAL_Driver/stm32f3xx_hal_cortex.o
 .text.HAL_NVIC_SetPriorityGrouping
                0x08003fdc       0x16 ./Drivers/STM32F3xx_HAL_Driver/stm32f3xx_hal_cortex.o
                0x08003fdc                HAL_NVIC_SetPriorityGrouping
 .text.HAL_NVIC_SetPriority
                0x08003ff2       0x38 ./Drivers/STM32F3xx_HAL_Driver/stm32f3xx_hal_cortex.o
                0x08003ff2                HAL_NVIC_SetPriority
 .text.HAL_NVIC_EnableIRQ
                0x0800402a       0x1c ./Drivers/STM32F3xx_HAL_Driver/stm32f3xx_hal_cortex.o
                0x0800402a                HAL_NVIC_EnableIRQ
 .text.HAL_SYSTICK_Config
                0x08004046       0x18 ./Drivers/STM32F3xx_HAL_Driver/stm32f3xx_hal_cortex.o
                0x08004046                HAL_SYSTICK_Config
 .text.HAL_DMA_Init
                0x0800405e       0x8e ./Drivers/STM32F3xx_HAL_Driver/stm32f3xx_hal_dma.o
                0x0800405e                HAL_DMA_Init
 .text.HAL_DMA_IRQHandler
                0x080040ec      0x146 ./Drivers/STM32F3xx_HAL_Driver/stm32f3xx_hal_dma.o
                0x080040ec                HAL_DMA_IRQHandler
 *fill*         0x08004232        0x2 
 .text.DMA_CalcBaseAndBitshift
                0x08004234       0x78 ./Drivers/STM32F3xx_HAL_Driver/stm32f3xx_hal_dma.o
 .text.HAL_GPIO_Init
                0x080042ac      0x2f4 ./Drivers/STM32F3xx_HAL_Driver/stm32f3xx_hal_gpio.o
                0x080042ac                HAL_GPIO_Init
 .text.HAL_GPIO_WritePin
                0x080045a0       0x30 ./Drivers/STM32F3xx_HAL_Driver/stm32f3xx_hal_gpio.o
                0x080045a0                HAL_GPIO_WritePin
 .text.HAL_GPIO_TogglePin
                0x080045d0       0x34 ./Drivers/STM32F3xx_HAL_Driver/stm32f3xx_hal_gpio.o
                0x080045d0                HAL_GPIO_TogglePin
 .text.HAL_I2C_Init
                0x08004604      0x136 ./Drivers/STM32F3xx_HAL_Driver/stm32f3xx_hal_i2c.o
                0x08004604                HAL_I2C_Init
 *fill*         0x0800473a        0x2 
 .text.HAL_I2C_Master_Transmit
                0x0800473c      0x230 ./Drivers/STM32F3xx_HAL_Driver/stm32f3xx_hal_i2c.o
                0x0800473c                HAL_I2C_Master_Transmit
 .text.HAL_I2C_Mem_Read
                0x0800496c      0x234 ./Drivers/STM32F3xx_HAL_Driver/stm32f3xx_hal_i2c.o
                0x0800496c                HAL_I2C_Mem_Read
 .text.HAL_I2C_IsDeviceReady
                0x08004ba0      0x1d8 ./Drivers/STM32F3xx_HAL_Driver/stm32f3xx_hal_i2c.o
                0x08004ba0                HAL_I2C_IsDeviceReady
 .text.I2C_RequestMemoryRead
                0x08004d78       0xa8 ./Drivers/STM32F3xx_HAL_Driver/stm32f3xx_hal_i2c.o
 .text.I2C_Flush_TXDR
                0x08004e20       0x48 ./Drivers/STM32F3xx_HAL_Driver/stm32f3xx_hal_i2c.o
 .text.I2C_WaitOnFlagUntilTimeout
                0x08004e68       0xb2 ./Drivers/STM32F3xx_HAL_Driver/stm32f3xx_hal_i2c.o
 .text.I2C_WaitOnTXISFlagUntilTimeout
                0x08004f1a       0x8e ./Drivers/STM32F3xx_HAL_Driver/stm32f3xx_hal_i2c.o
 .text.I2C_WaitOnSTOPFlagUntilTimeout
                0x08004fa8       0x86 ./Drivers/STM32F3xx_HAL_Driver/stm32f3xx_hal_i2c.o
 *fill*         0x0800502e        0x2 
 .text.I2C_IsErrorOccurred
                0x08005030      0x1c0 ./Drivers/STM32F3xx_HAL_Driver/stm32f3xx_hal_i2c.o
 .text.I2C_TransferConfig
                0x080051f0       0x64 ./Drivers/STM32F3xx_HAL_Driver/stm32f3xx_hal_i2c.o
 .text.HAL_I2CEx_ConfigAnalogFilter
                0x08005254       0x96 ./Drivers/STM32F3xx_HAL_Driver/stm32f3xx_hal_i2c_ex.o
                0x08005254                HAL_I2CEx_ConfigAnalogFilter
 .text.HAL_I2CEx_ConfigDigitalFilter
                0x080052ea       0x98 ./Drivers/STM32F3xx_HAL_Driver/stm32f3xx_hal_i2c_ex.o
                0x080052ea                HAL_I2CEx_ConfigDigitalFilter
 .text.HAL_PCD_Init
                0x08005382      0x18e ./Drivers/STM32F3xx_HAL_Driver/stm32f3xx_hal_pcd.o
                0x08005382                HAL_PCD_Init
 .text.HAL_PCD_Start
                0x08005510       0x4c ./Drivers/STM32F3xx_HAL_Driver/stm32f3xx_hal_pcd.o
                0x08005510                HAL_PCD_Start
 .text.HAL_PCD_IRQHandler
                0x0800555c      0x1a8 ./Drivers/STM32F3xx_HAL_Driver/stm32f3xx_hal_pcd.o
                0x0800555c                HAL_PCD_IRQHandler
 .text.HAL_PCD_SetAddress
                0x08005704       0x48 ./Drivers/STM32F3xx_HAL_Driver/stm32f3xx_hal_pcd.o
                0x08005704                HAL_PCD_SetAddress
 .text.HAL_PCD_EP_Open
                0x0800574c       0xba ./Drivers/STM32F3xx_HAL_Driver/stm32f3xx_hal_pcd.o
                0x0800574c                HAL_PCD_EP_Open
 .text.HAL_PCD_EP_Close
                0x08005806       0x90 ./Drivers/STM32F3xx_HAL_Driver/stm32f3xx_hal_pcd.o
                0x08005806                HAL_PCD_EP_Close
 .text.HAL_PCD_EP_Receive
                0x08005896       0x62 ./Drivers/STM32F3xx_HAL_Driver/stm32f3xx_hal_pcd.o
                0x08005896                HAL_PCD_EP_Receive
 .text.HAL_PCD_EP_GetRxCount
                0x080058f8       0x30 ./Drivers/STM32F3xx_HAL_Driver/stm32f3xx_hal_pcd.o
                0x080058f8                HAL_PCD_EP_GetRxCount
 .text.HAL_PCD_EP_Transmit
                0x08005928       0x6e ./Drivers/STM32F3xx_HAL_Driver/stm32f3xx_hal_pcd.o
                0x08005928                HAL_PCD_EP_Transmit
 .text.HAL_PCD_EP_SetStall
                0x08005996       0xa4 ./Drivers/STM32F3xx_HAL_Driver/stm32f3xx_hal_pcd.o
                0x08005996                HAL_PCD_EP_SetStall
 .text.HAL_PCD_EP_ClrStall
                0x08005a3a       0xa8 ./Drivers/STM32F3xx_HAL_Driver/stm32f3xx_hal_pcd.o
                0x08005a3a                HAL_PCD_EP_ClrStall
 .text.PCD_EP_ISR_Handler
                0x08005ae2      0x79e ./Drivers/STM32F3xx_HAL_Driver/stm32f3xx_hal_pcd.o
 .text.HAL_PCD_EP_DB_Receive
                0x08006280      0x21a ./Drivers/STM32F3xx_HAL_Driver/stm32f3xx_hal_pcd.o
 .text.HAL_PCD_EP_DB_Transmit
                0x0800649a      0x7f4 ./Drivers/STM32F3xx_HAL_Driver/stm32f3xx_hal_pcd.o
 .text.HAL_PCDEx_PMAConfig
                0x08006c8e       0x86 ./Drivers/STM32F3xx_HAL_Driver/stm32f3xx_hal_pcd_ex.o
                0x08006c8e                HAL_PCDEx_PMAConfig
 .text.HAL_RCC_OscConfig
                0x08006d14     0x101c ./Drivers/STM32F3xx_HAL_Driver/stm32f3xx_hal_rcc.o
                0x08006d14                HAL_RCC_OscConfig
 .text.HAL_RCC_ClockConfig
                0x08007d30      0x2dc ./Drivers/STM32F3xx_HAL_Driver/stm32f3xx_hal_rcc.o
                0x08007d30                HAL_RCC_ClockConfig
 .text.HAL_RCC_MCOConfig
                0x0800800c       0x64 ./Drivers/STM32F3xx_HAL_Driver/stm32f3xx_hal_rcc.o
                0x0800800c                HAL_RCC_MCOConfig
 .text.HAL_RCC_GetSysClockFreq
                0x08008070       0xac ./Drivers/STM32F3xx_HAL_Driver/stm32f3xx_hal_rcc.o
                0x08008070                HAL_RCC_GetSysClockFreq
 .text.HAL_RCCEx_PeriphCLKConfig
                0x0800811c      0x35c ./Drivers/STM32F3xx_HAL_Driver/stm32f3xx_hal_rcc_ex.o
                0x0800811c                HAL_RCCEx_PeriphCLKConfig
 .text.USB_EnableGlobalInt
                0x08008478       0x2e ./Drivers/STM32F3xx_HAL_Driver/stm32f3xx_ll_usb.o
                0x08008478                USB_EnableGlobalInt
 .text.USB_DisableGlobalInt
                0x080084a6       0x36 ./Drivers/STM32F3xx_HAL_Driver/stm32f3xx_ll_usb.o
                0x080084a6                USB_DisableGlobalInt
 .text.USB_DevInit
                0x080084dc       0x3c ./Drivers/STM32F3xx_HAL_Driver/stm32f3xx_ll_usb.o
                0x080084dc                USB_DevInit
 .text.USB_ActivateEndpoint
                0x08008518      0x788 ./Drivers/STM32F3xx_HAL_Driver/stm32f3xx_ll_usb.o
                0x08008518                USB_ActivateEndpoint
 .text.USB_DeactivateEndpoint
                0x08008ca0      0x3da ./Drivers/STM32F3xx_HAL_Driver/stm32f3xx_ll_usb.o
                0x08008ca0                USB_DeactivateEndpoint
 .text.USB_EPStartXfer
                0x0800907a     0x1764 ./Drivers/STM32F3xx_HAL_Driver/stm32f3xx_ll_usb.o
                0x0800907a                USB_EPStartXfer
 .text.USB_EPSetStall
                0x0800a7de       0xa2 ./Drivers/STM32F3xx_HAL_Driver/stm32f3xx_ll_usb.o
                0x0800a7de                USB_EPSetStall
 .text.USB_EPClearStall
                0x0800a880      0x15c ./Drivers/STM32F3xx_HAL_Driver/stm32f3xx_ll_usb.o
                0x0800a880                USB_EPClearStall
 .text.USB_SetDevAddress
                0x0800a9dc       0x28 ./Drivers/STM32F3xx_HAL_Driver/stm32f3xx_ll_usb.o
                0x0800a9dc                USB_SetDevAddress
 .text.USB_DevConnect
                0x0800aa04       0x16 ./Drivers/STM32F3xx_HAL_Driver/stm32f3xx_ll_usb.o
                0x0800aa04                USB_DevConnect
 .text.USB_ReadInterrupts
                0x0800aa1a       0x20 ./Drivers/STM32F3xx_HAL_Driver/stm32f3xx_ll_usb.o
                0x0800aa1a                USB_ReadInterrupts
 .text.USB_WritePMA
                0x0800aa3a       0x8e ./Drivers/STM32F3xx_HAL_Driver/stm32f3xx_ll_usb.o
                0x0800aa3a                USB_WritePMA
 .text.USB_ReadPMA
                0x0800aac8       0xa0 ./Drivers/STM32F3xx_HAL_Driver/stm32f3xx_ll_usb.o
                0x0800aac8                USB_ReadPMA
 .text.USBD_CDC_Init
                0x0800ab68       0xf4 ./Middlewares/USB_Device_Library/usbd_cdc.o
 .text.USBD_CDC_DeInit
                0x0800ac5c       0x6e ./Middlewares/USB_Device_Library/usbd_cdc.o
 .text.USBD_CDC_Setup
                0x0800acca      0x146 ./Middlewares/USB_Device_Library/usbd_cdc.o
 .text.USBD_CDC_DataIn
                0x0800ae10       0xa6 ./Middlewares/USB_Device_Library/usbd_cdc.o
 .text.USBD_CDC_DataOut
                0x0800aeb6       0x56 ./Middlewares/USB_Device_Library/usbd_cdc.o
 .text.USBD_CDC_EP0_RxReady
                0x0800af0c       0x4e ./Middlewares/USB_Device_Library/usbd_cdc.o
 *fill*         0x0800af5a        0x2 
 .text.USBD_CDC_GetFSCfgDesc
                0x0800af5c       0x20 ./Middlewares/USB_Device_Library/usbd_cdc.o
 .text.USBD_CDC_GetHSCfgDesc
                0x0800af7c       0x20 ./Middlewares/USB_Device_Library/usbd_cdc.o
 .text.USBD_CDC_GetOtherSpeedCfgDesc
                0x0800af9c       0x20 ./Middlewares/USB_Device_Library/usbd_cdc.o
 .text.USBD_CDC_GetDeviceQualifierDescriptor
                0x0800afbc       0x20 ./Middlewares/USB_Device_Library/usbd_cdc.o
                0x0800afbc                USBD_CDC_GetDeviceQualifierDescriptor
 .text.USBD_CDC_RegisterInterface
                0x0800afdc       0x2e ./Middlewares/USB_Device_Library/usbd_cdc.o
                0x0800afdc                USBD_CDC_RegisterInterface
 .text.USBD_CDC_SetTxBuffer
                0x0800b00a       0x34 ./Middlewares/USB_Device_Library/usbd_cdc.o
                0x0800b00a                USBD_CDC_SetTxBuffer
 .text.USBD_CDC_SetRxBuffer
                0x0800b03e       0x28 ./Middlewares/USB_Device_Library/usbd_cdc.o
                0x0800b03e                USBD_CDC_SetRxBuffer
 .text.USBD_CDC_TransmitPacket
                0x0800b066       0x5e ./Middlewares/USB_Device_Library/usbd_cdc.o
                0x0800b066                USBD_CDC_TransmitPacket
 .text.USBD_CDC_ReceivePacket
                0x0800b0c4       0x54 ./Middlewares/USB_Device_Library/usbd_cdc.o
                0x0800b0c4                USBD_CDC_ReceivePacket
 .text.USBD_Init
                0x0800b118       0x56 ./Middlewares/USB_Device_Library/usbd_core.o
                0x0800b118                USBD_Init
 .text.USBD_RegisterClass
                0x0800b16e       0x34 ./Middlewares/USB_Device_Library/usbd_core.o
                0x0800b16e                USBD_RegisterClass
 .text.USBD_Start
                0x0800b1a2       0x18 ./Middlewares/USB_Device_Library/usbd_core.o
                0x0800b1a2                USBD_Start
 .text.USBD_RunTestMode
                0x0800b1ba       0x16 ./Middlewares/USB_Device_Library/usbd_core.o
                0x0800b1ba                USBD_RunTestMode
 .text.USBD_SetClassConfig
                0x0800b1d0       0x3e ./Middlewares/USB_Device_Library/usbd_core.o
                0x0800b1d0                USBD_SetClassConfig
 .text.USBD_ClrClassConfig
                0x0800b20e       0x26 ./Middlewares/USB_Device_Library/usbd_core.o
                0x0800b20e                USBD_ClrClassConfig
 .text.USBD_LL_SetupStage
                0x0800b234       0x9a ./Middlewares/USB_Device_Library/usbd_core.o
                0x0800b234                USBD_LL_SetupStage
 .text.USBD_LL_DataOutStage
                0x0800b2ce       0xe2 ./Middlewares/USB_Device_Library/usbd_core.o
                0x0800b2ce                USBD_LL_DataOutStage
 .text.USBD_LL_DataInStage
                0x0800b3b0      0x14a ./Middlewares/USB_Device_Library/usbd_core.o
                0x0800b3b0                USBD_LL_DataInStage
 .text.USBD_LL_Reset
                0x0800b4fa       0x82 ./Middlewares/USB_Device_Library/usbd_core.o
                0x0800b4fa                USBD_LL_Reset
 .text.USBD_LL_SetSpeed
                0x0800b57c       0x20 ./Middlewares/USB_Device_Library/usbd_core.o
                0x0800b57c                USBD_LL_SetSpeed
 .text.USBD_LL_Suspend
                0x0800b59c       0x2a ./Middlewares/USB_Device_Library/usbd_core.o
                0x0800b59c                USBD_LL_Suspend
 .text.USBD_LL_Resume
                0x0800b5c6       0x2c ./Middlewares/USB_Device_Library/usbd_core.o
                0x0800b5c6                USBD_LL_Resume
 .text.USBD_LL_SOF
                0x0800b5f2       0x34 ./Middlewares/USB_Device_Library/usbd_core.o
                0x0800b5f2                USBD_LL_SOF
 *fill*         0x0800b626        0x2 
 .text.USBD_StdDevReq
                0x0800b628       0xd4 ./Middlewares/USB_Device_Library/usbd_ctlreq.o
                0x0800b628                USBD_StdDevReq
 .text.USBD_StdItfReq
                0x0800b6fc       0x90 ./Middlewares/USB_Device_Library/usbd_ctlreq.o
                0x0800b6fc                USBD_StdItfReq
 .text.USBD_StdEPReq
                0x0800b78c      0x2c6 ./Middlewares/USB_Device_Library/usbd_ctlreq.o
                0x0800b78c                USBD_StdEPReq
 *fill*         0x0800ba52        0x2 
 .text.USBD_GetDescriptor
                0x0800ba54      0x2d0 ./Middlewares/USB_Device_Library/usbd_ctlreq.o
 .text.USBD_SetAddress
                0x0800bd24       0x86 ./Middlewares/USB_Device_Library/usbd_ctlreq.o
 *fill*         0x0800bdaa        0x2 
 .text.USBD_SetConfig
                0x0800bdac      0x11c ./Middlewares/USB_Device_Library/usbd_ctlreq.o
 .text.USBD_GetConfig
                0x0800bec8       0x6a ./Middlewares/USB_Device_Library/usbd_ctlreq.o
 .text.USBD_GetStatus
                0x0800bf32       0x66 ./Middlewares/USB_Device_Library/usbd_ctlreq.o
 .text.USBD_SetFeature
                0x0800bf98       0x28 ./Middlewares/USB_Device_Library/usbd_ctlreq.o
 .text.USBD_ClrFeature
                0x0800bfc0       0x42 ./Middlewares/USB_Device_Library/usbd_ctlreq.o
 .text.USBD_ParseSetupRequest
                0x0800c002       0x74 ./Middlewares/USB_Device_Library/usbd_ctlreq.o
                0x0800c002                USBD_ParseSetupRequest
 .text.USBD_CtlError
                0x0800c076       0x22 ./Middlewares/USB_Device_Library/usbd_ctlreq.o
                0x0800c076                USBD_CtlError
 .text.USBD_GetString
                0x0800c098       0x84 ./Middlewares/USB_Device_Library/usbd_ctlreq.o
                0x0800c098                USBD_GetString
 .text.USBD_GetLen
                0x0800c11c       0x30 ./Middlewares/USB_Device_Library/usbd_ctlreq.o
 .text.USBD_CtlSendData
                0x0800c14c       0x38 ./Middlewares/USB_Device_Library/usbd_ioreq.o
                0x0800c14c                USBD_CtlSendData
 .text.USBD_CtlContinueSendData
                0x0800c184       0x24 ./Middlewares/USB_Device_Library/usbd_ioreq.o
                0x0800c184                USBD_CtlContinueSendData
 .text.USBD_CtlPrepareRx
                0x0800c1a8       0x3c ./Middlewares/USB_Device_Library/usbd_ioreq.o
                0x0800c1a8                USBD_CtlPrepareRx
 .text.USBD_CtlContinueRx
                0x0800c1e4       0x24 ./Middlewares/USB_Device_Library/usbd_ioreq.o
                0x0800c1e4                USBD_CtlContinueRx
 .text.USBD_CtlSendStatus
                0x0800c208       0x26 ./Middlewares/USB_Device_Library/usbd_ioreq.o
                0x0800c208                USBD_CtlSendStatus
 .text.USBD_CtlReceiveStatus
                0x0800c22e       0x26 ./Middlewares/USB_Device_Library/usbd_ioreq.o
                0x0800c22e                USBD_CtlReceiveStatus
 .text.__cvt    0x0800c254       0xca C:/ST/STM32CubeIDE_2.0.0/STM32CubeIDE/plugins/com.st.stm32cube.ide.mcu.externaltools.gnu-tools-for-stm32.13.3.rel1.win32_1.0.100.202509120712/tools/bin/../lib/gcc/arm-none-eabi/13.3.1/../../../../arm-none-eabi/lib/thumb/v7e-m+fp/hard\libc_nano.a(libc_a-nano-vfprintf_float.o)
                0x0800c254                __cvt
 .text.__exponent
                0x0800c31e       0x74 C:/ST/STM32CubeIDE_2.0.0/STM32CubeIDE/plugins/com.st.stm32cube.ide.mcu.externaltools.gnu-tools-for-stm32.13.3.rel1.win32_1.0.100.202509120712/tools/bin/../lib/gcc/arm-none-eabi/13.3.1/../../../../arm-none-eabi/lib/thumb/v7e-m+fp/hard\libc_nano.a(libc_a-nano-vfprintf_float.o)
                0x0800c31e                __exponent
 *fill*         0x0800c392        0x2 
 .text._printf_float
                0x0800c394      0x454 C:/ST/STM32CubeIDE_2.0.0/STM32CubeIDE/plugins/com.st.stm32cube.ide.mcu.externaltools.gnu-tools-for-stm32.13.3.rel1.win32_1.0.100.202509120712/tools/bin/../lib/gcc/arm-none-eabi/13.3.1/../../../../arm-none-eabi/lib/thumb/v7e-m+fp/hard\libc_nano.a(libc_a-nano-vfprintf_float.o)
                0x0800c394                _printf_float
 .text._printf_common
                0x0800c7e8       0xda C:/ST/STM32CubeIDE_2.0.0/STM32CubeIDE/plugins/com.st.stm32cube.ide.mcu.externaltools.gnu-tools-for-stm32.13.3.rel1.win32_1.0.100.202509120712/tools/bin/../lib/gcc/arm-none-eabi/13.3.1/../../../../arm-none-eabi/lib/thumb/v7e-m+fp/hard\libc_nano.a(libc_a-nano-vfprintf_i.o)
                0x0800c7e8                _printf_common
 *fill*         0x0800c8c2        0x2 
 .text._printf_i
                0x0800c8c4      0x23c C:/ST/STM32CubeIDE_2.0.0/STM32CubeIDE/plugins/com.st.stm32cube.ide.mcu.externaltools.gnu-tools-for-stm32.13.3.rel1.win32_1.0.100.202509120712/tools/bin/../lib/gcc/arm-none-eabi/13.3.1/../../../../arm-none-eabi/lib/thumb/v7e-m+fp/hard\libc_nano.a(libc_a-nano-vfprintf_i.o)
                0x0800c8c4                _printf_i
 .text.std      0x0800cb00       0x6c C:/ST/STM32CubeIDE_2.0.0/STM32CubeIDE/plugins/com.st.stm32cube.ide.mcu.externaltools.gnu-tools-for-stm32.13.3.rel1.win32_1.0.100.202509120712/tools/bin/../lib/gcc/arm-none-eabi/13.3.1/../../../../arm-none-eabi/lib/thumb/v7e-m+fp/hard\libc_nano.a(libc_a-findfp.o)
 .text.stdio_exit_handler
                0x0800cb6c       0x18 C:/ST/STM32CubeIDE_2.0.0/STM32CubeIDE/plugins/com.st.stm32cube.ide.mcu.externaltools.gnu-tools-for-stm32.13.3.rel1.win32_1.0.100.202509120712/tools/bin/../lib/gcc/arm-none-eabi/13.3.1/../../../../arm-none-eabi/lib/thumb/v7e-m+fp/hard\libc_nano.a(libc_a-findfp.o)
 .text.cleanup_stdio
                0x0800cb84       0x40 C:/ST/STM32CubeIDE_2.0.0/STM32CubeIDE/plugins/com.st.stm32cube.ide.mcu.externaltools.gnu-tools-for-stm32.13.3.rel1.win32_1.0.100.202509120712/tools/bin/../lib/gcc/arm-none-eabi/13.3.1/../../../../arm-none-eabi/lib/thumb/v7e-m+fp/hard\libc_nano.a(libc_a-findfp.o)
 .text.global_stdio_init.part.0
                0x0800cbc4       0x3c C:/ST/STM32CubeIDE_2.0.0/STM32CubeIDE/plugins/com.st.stm32cube.ide.mcu.externaltools.gnu-tools-for-stm32.13.3.rel1.win32_1.0.100.202509120712/tools/bin/../lib/gcc/arm-none-eabi/13.3.1/../../../../arm-none-eabi/lib/thumb/v7e-m+fp/hard\libc_nano.a(libc_a-findfp.o)
 .text.__sfp_lock_acquire
                0x0800cc00        0xc C:/ST/STM32CubeIDE_2.0.0/STM32CubeIDE/plugins/com.st.stm32cube.ide.mcu.externaltools.gnu-tools-for-stm32.13.3.rel1.win32_1.0.100.202509120712/tools/bin/../lib/gcc/arm-none-eabi/13.3.1/../../../../arm-none-eabi/lib/thumb/v7e-m+fp/hard\libc_nano.a(libc_a-findfp.o)
                0x0800cc00                __sfp_lock_acquire
 .text.__sfp_lock_release
                0x0800cc0c        0xc C:/ST/STM32CubeIDE_2.0.0/STM32CubeIDE/plugins/com.st.stm32cube.ide.mcu.externaltools.gnu-tools-for-stm32.13.3.rel1.win32_1.0.100.202509120712/tools/bin/../lib/gcc/arm-none-eabi/13.3.1/../../../../arm-none-eabi/lib/thumb/v7e-m+fp/hard\libc_nano.a(libc_a-findfp.o)
                0x0800cc0c                __sfp_lock_release
 .text.__sinit  0x0800cc18       0x30 C:/ST/STM32CubeIDE_2.0.0/STM32CubeIDE/plugins/com.st.stm32cube.ide.mcu.externaltools.gnu-tools-for-stm32.13.3.rel1.win32_1.0.100.202509120712/tools/bin/../lib/gcc/arm-none-eabi/13.3.1/../../../../arm-none-eabi/lib/thumb/v7e-m+fp/hard\libc_nano.a(libc_a-findfp.o)
                0x0800cc18                __sinit
 .text._fwalk_sglue
                0x0800cc48       0x3c C:/ST/STM32CubeIDE_2.0.0/STM32CubeIDE/plugins/com.st.stm32cube.ide.mcu.externaltools.gnu-tools-for-stm32.13.3.rel1.win32_1.0.100.202509120712/tools/bin/../lib/gcc/arm-none-eabi/13.3.1/../../../../arm-none-eabi/lib/thumb/v7e-m+fp/hard\libc_nano.a(libc_a-fwalk.o)
                0x0800cc48                _fwalk_sglue
 .text.snprintf
                0x0800cc84       0x6c C:/ST/STM32CubeIDE_2.0.0/STM32CubeIDE/plugins/com.st.stm32cube.ide.mcu.externaltools.gnu-tools-for-stm32.13.3.rel1.win32_1.0.100.202509120712/tools/bin/../lib/gcc/arm-none-eabi/13.3.1/../../../../arm-none-eabi/lib/thumb/v7e-m+fp/hard\libc_nano.a(libc_a-snprintf.o)
                0x0800cc84                sniprintf
                0x0800cc84                snprintf
 .text.__sread  0x0800ccf0       0x22 C:/ST/STM32CubeIDE_2.0.0/STM32CubeIDE/plugins/com.st.stm32cube.ide.mcu.externaltools.gnu-tools-for-stm32.13.3.rel1.win32_1.0.100.202509120712/tools/bin/../lib/gcc/arm-none-eabi/13.3.1/../../../../arm-none-eabi/lib/thumb/v7e-m+fp/hard\libc_nano.a(libc_a-stdio.o)
                0x0800ccf0                __sread
 .text.__swrite
                0x0800cd12       0x38 C:/ST/STM32CubeIDE_2.0.0/STM32CubeIDE/plugins/com.st.stm32cube.ide.mcu.externaltools.gnu-tools-for-stm32.13.3.rel1.win32_1.0.100.202509120712/tools/bin/../lib/gcc/arm-none-eabi/13.3.1/../../../../arm-none-eabi/lib/thumb/v7e-m+fp/hard\libc_nano.a(libc_a-stdio.o)
                0x0800cd12                __swrite
 .text.__sseek  0x0800cd4a       0x24 C:/ST/STM32CubeIDE_2.0.0/STM32CubeIDE/plugins/com.st.stm32cube.ide.mcu.externaltools.gnu-tools-for-stm32.13.3.rel1.win32_1.0.100.202509120712/tools/bin/../lib/gcc/arm-none-eabi/13.3.1/../../../../arm-none-eabi/lib/thumb/v7e-m+fp/hard\libc_nano.a(libc_a-stdio.o)
                0x0800cd4a                __sseek
 .text.__sclose
                0x0800cd6e        0x8 C:/ST/STM32CubeIDE_2.0.0/STM32CubeIDE/plugins/com.st.stm32cube.ide.mcu.externaltools.gnu-tools-for-stm32.13.3.rel1.win32_1.0.100.202509120712/tools/bin/../lib/gcc/arm-none-eabi/13.3.1/../../../../arm-none-eabi/lib/thumb/v7e-m+fp/hard\libc_nano.a(libc_a-stdio.o)
                0x0800cd6e                __sclose
 .text.memset   0x0800cd76       0x10 C:/ST/STM32CubeIDE_2.0.0/STM32CubeIDE/plugins/com.st.stm32cube.ide.mcu.externaltools.gnu-tools-for-stm32.13.3.rel1.win32_1.0.100.202509120712/tools/bin/../lib/gcc/arm-none-eabi/13.3.1/../../../../arm-none-eabi/lib/thumb/v7e-m+fp/hard\libc_nano.a(libc_a-memset.o)
                0x0800cd76                memset
 *fill*         0x0800cd86        0x2 
 .text._localeconv_r
                0x0800cd88        0x8 C:/ST/STM32CubeIDE_2.0.0/STM32CubeIDE/plugins/com.st.stm32cube.ide.mcu.externaltools.gnu-tools-for-stm32.13.3.rel1.win32_1.0.100.202509120712/tools/bin/../lib/gcc/arm-none-eabi/13.3.1/../../../../arm-none-eabi/lib/thumb/v7e-m+fp/hard\libc_nano.a(libc_a-localeconv.o)
                0x0800cd88                _localeconv_r
 .text._close_r
                0x0800cd90       0x20 C:/ST/STM32CubeIDE_2.0.0/STM32CubeIDE/plugins/com.st.stm32cube.ide.mcu.externaltools.gnu-tools-for-stm32.13.3.rel1.win32_1.0.100.202509120712/tools/bin/../lib/gcc/arm-none-eabi/13.3.1/../../../../arm-none-eabi/lib/thumb/v7e-m+fp/hard\libc_nano.a(libc_a-closer.o)
                0x0800cd90                _close_r
 .text._lseek_r
                0x0800cdb0       0x24 C:/ST/STM32CubeIDE_2.0.0/STM32CubeIDE/plugins/com.st.stm32cube.ide.mcu.externaltools.gnu-tools-for-stm32.13.3.rel1.win32_1.0.100.202509120712/tools/bin/../lib/gcc/arm-none-eabi/13.3.1/../../../../arm-none-eabi/lib/thumb/v7e-m+fp/hard\libc_nano.a(libc_a-lseekr.o)
                0x0800cdb0                _lseek_r
 .text._read_r  0x0800cdd4       0x24 C:/ST/STM32CubeIDE_2.0.0/STM32CubeIDE/plugins/com.st.stm32cube.ide.mcu.externaltools.gnu-tools-for-stm32.13.3.rel1.win32_1.0.100.202509120712/tools/bin/../lib/gcc/arm-none-eabi/13.3.1/../../../../arm-none-eabi/lib/thumb/v7e-m+fp/hard\libc_nano.a(libc_a-readr.o)
                0x0800cdd4                _read_r
 .text._write_r
                0x0800cdf8       0x24 C:/ST/STM32CubeIDE_2.0.0/STM32CubeIDE/plugins/com.st.stm32cube.ide.mcu.externaltools.gnu-tools-for-stm32.13.3.rel1.win32_1.0.100.202509120712/tools/bin/../lib/gcc/arm-none-eabi/13.3.1/../../../../arm-none-eabi/lib/thumb/v7e-m+fp/hard\libc_nano.a(libc_a-writer.o)
                0x0800cdf8                _write_r
 .text.__errno  0x0800ce1c        0xc C:/ST/STM32CubeIDE_2.0.0/STM32CubeIDE/plugins/com.st.stm32cube.ide.mcu.externaltools.gnu-tools-for-stm32.13.3.rel1.win32_1.0.100.202509120712/tools/bin/../lib/gcc/arm-none-eabi/13.3.1/../../../../arm-none-eabi/lib/thumb/v7e-m+fp/hard\libc_nano.a(libc_a-errno.o)
                0x0800ce1c                __errno
 .text.__libc_init_array
                0x0800ce28       0x48 C:/ST/STM32CubeIDE_2.0.0/STM32CubeIDE/plugins/com.st.stm32cube.ide.mcu.externaltools.gnu-tools-for-stm32.13.3.rel1.win32_1.0.100.202509120712/tools/bin/../lib/gcc/arm-none-eabi/13.3.1/../../../../arm-none-eabi/lib/thumb/v7e-m+fp/hard\libc_nano.a(libc_a-init.o)
                0x0800ce28                __libc_init_array
 .text.__retarget_lock_init_recursive
                0x0800ce70        0x2 C:/ST/STM32CubeIDE_2.0.0/STM32CubeIDE/plugins/com.st.stm32cube.ide.mcu.externaltools.gnu-tools-for-stm32.13.3.rel1.win32_1.0.100.202509120712/tools/bin/../lib/gcc/arm-none-eabi/13.3.1/../../../../arm-none-eabi/lib/thumb/v7e-m+fp/hard\libc_nano.a(libc_a-lock.o)
                0x0800ce70                __retarget_lock_init_recursive
 .text.__retarget_lock_acquire_recursive
                0x0800ce72        0x2 C:/ST/STM32CubeIDE_2.0.0/STM32CubeIDE/plugins/com.st.stm32cube.ide.mcu.externaltools.gnu-tools-for-stm32.13.3.rel1.win32_1.0.100.202509120712/tools/bin/../lib/gcc/arm-none-eabi/13.3.1/../../../../arm-none-eabi/lib/thumb/v7e-m+fp/hard\libc_nano.a(libc_a-lock.o)
                0x0800ce72                __retarget_lock_acquire_recursive
 .text.__retarget_lock_release_recursive
                0x0800ce74        0x2 C:/ST/STM32CubeIDE_2.0.0/STM32CubeIDE/plugins/com.st.stm32cube.ide.mcu.externaltools.gnu-tools-for-stm32.13.3.rel1.win32_1.0.100.202509120712/tools/bin/../lib/gcc/arm-none-eabi/13.3.1/../../../../arm-none-eabi/lib/thumb/v7e-m+fp/hard\libc_nano.a(libc_a-lock.o)
                0x0800ce74                __retarget_lock_release_recursive
 .text.quorem   0x0800ce76      0x110 C:/ST/STM32CubeIDE_2.0.0/STM32CubeIDE/plugins/com.st.stm32cube.ide.mcu.externaltools.gnu-tools-for-stm32.13.3.rel1.win32_1.0.100.202509120712/tools/bin/../lib/gcc/arm-none-eabi/13.3.1/../../../../arm-none-eabi/lib/thumb/v7e-m+fp/hard\libc_nano.a(libc_a-dtoa.o)
 *fill*         0x0800cf86        0x2 
 .text._dtoa_r  0x0800cf88      0xba0 C:/ST/STM32CubeIDE_2.0.0/STM32CubeIDE/plugins/com.st.stm32cube.ide.mcu.externaltools.gnu-tools-for-stm32.13.3.rel1.win32_1.0.100.202509120712/tools/bin/../lib/gcc/arm-none-eabi/13.3.1/../../../../arm-none-eabi/lib/thumb/v7e-m+fp/hard\libc_nano.a(libc_a-dtoa.o)
                0x0800cf88                _dtoa_r
 .text._free_r  0x0800db28       0x94 C:/ST/STM32CubeIDE_2.0.0/STM32CubeIDE/plugins/com.st.stm32cube.ide.mcu.externaltools.gnu-tools-for-stm32.13.3.rel1.win32_1.0.100.202509120712/tools/bin/../lib/gcc/arm-none-eabi/13.3.1/../../../../arm-none-eabi/lib/thumb/v7e-m+fp/hard\libc_nano.a(libc_a-freer.o)
                0x0800db28                _free_r
 .text.malloc   0x0800dbbc       0x10 C:/ST/STM32CubeIDE_2.0.0/STM32CubeIDE/plugins/com.st.stm32cube.ide.mcu.externaltools.gnu-tools-for-stm32.13.3.rel1.win32_1.0.100.202509120712/tools/bin/../lib/gcc/arm-none-eabi/13.3.1/../../../../arm-none-eabi/lib/thumb/v7e-m+fp/hard\libc_nano.a(libc_a-malloc.o)
                0x0800dbbc                malloc
 .text.sbrk_aligned
                0x0800dbcc       0x44 C:/ST/STM32CubeIDE_2.0.0/STM32CubeIDE/plugins/com.st.stm32cube.ide.mcu.externaltools.gnu-tools-for-stm32.13.3.rel1.win32_1.0.100.202509120712/tools/bin/../lib/gcc/arm-none-eabi/13.3.1/../../../../arm-none-eabi/lib/thumb/v7e-m+fp/hard\libc_nano.a(libc_a-mallocr.o)
 .text._malloc_r
                0x0800dc10      0x100 C:/ST/STM32CubeIDE_2.0.0/STM32CubeIDE/plugins/com.st.stm32cube.ide.mcu.externaltools.gnu-tools-for-stm32.13.3.rel1.win32_1.0.100.202509120712/tools/bin/../lib/gcc/arm-none-eabi/13.3.1/../../../../arm-none-eabi/lib/thumb/v7e-m+fp/hard\libc_nano.a(libc_a-mallocr.o)
                0x0800dc10                _malloc_r
 .text.__malloc_lock
                0x0800dd10        0xc C:/ST/STM32CubeIDE_2.0.0/STM32CubeIDE/plugins/com.st.stm32cube.ide.mcu.externaltools.gnu-tools-for-stm32.13.3.rel1.win32_1.0.100.202509120712/tools/bin/../lib/gcc/arm-none-eabi/13.3.1/../../../../arm-none-eabi/lib/thumb/v7e-m+fp/hard\libc_nano.a(libc_a-mlock.o)
                0x0800dd10                __malloc_lock
 .text.__malloc_unlock
                0x0800dd1c        0xc C:/ST/STM32CubeIDE_2.0.0/STM32CubeIDE/plugins/com.st.stm32cube.ide.mcu.externaltools.gnu-tools-for-stm32.13.3.rel1.win32_1.0.100.202509120712/tools/bin/../lib/gcc/arm-none-eabi/13.3.1/../../../../arm-none-eabi/lib/thumb/v7e-m+fp/hard\libc_nano.a(libc_a-mlock.o)
                0x0800dd1c                __malloc_unlock
 .text._Balloc  0x0800dd28       0x80 C:/ST/STM32CubeIDE_2.0.0/STM32CubeIDE/plugins/com.st.stm32cube.ide.mcu.externaltools.gnu-tools-for-stm32.13.3.rel1.win32_1.0.100.202509120712/tools/bin/../lib/gcc/arm-none-eabi/13.3.1/../../../../arm-none-eabi/lib/thumb/v7e-m+fp/hard\libc_nano.a(libc_a-mprec.o)
                0x0800dd28                _Balloc
 .text._Bfree   0x0800dda8       0x44 C:/ST/STM32CubeIDE_2.0.0/STM32CubeIDE/plugins/com.st.stm32cube.ide.mcu.externaltools.gnu-tools-for-stm32.13.3.rel1.win32_1.0.100.202509120712/tools/bin/../lib/gcc/arm-none-eabi/13.3.1/../../../../arm-none-eabi/lib/thumb/v7e-m+fp/hard\libc_nano.a(libc_a-mprec.o)
                0x0800dda8                _Bfree
 .text.__multadd
                0x0800ddec       0x8c C:/ST/STM32CubeIDE_2.0.0/STM32CubeIDE/plugins/com.st.stm32cube.ide.mcu.externaltools.gnu-tools-for-stm32.13.3.rel1.win32_1.0.100.202509120712/tools/bin/../lib/gcc/arm-none-eabi/13.3.1/../../../../arm-none-eabi/lib/thumb/v7e-m+fp/hard\libc_nano.a(libc_a-mprec.o)
                0x0800ddec                __multadd
 .text.__hi0bits
                0x0800de78       0x3e C:/ST/STM32CubeIDE_2.0.0/STM32CubeIDE/plugins/com.st.stm32cube.ide.mcu.externaltools.gnu-tools-for-stm32.13.3.rel1.win32_1.0.100.202509120712/tools/bin/../lib/gcc/arm-none-eabi/13.3.1/../../../../arm-none-eabi/lib/thumb/v7e-m+fp/hard\libc_nano.a(libc_a-mprec.o)
                0x0800de78                __hi0bits
 .text.__lo0bits
                0x0800deb6       0x5a C:/ST/STM32CubeIDE_2.0.0/STM32CubeIDE/plugins/com.st.stm32cube.ide.mcu.externaltools.gnu-tools-for-stm32.13.3.rel1.win32_1.0.100.202509120712/tools/bin/../lib/gcc/arm-none-eabi/13.3.1/../../../../arm-none-eabi/lib/thumb/v7e-m+fp/hard\libc_nano.a(libc_a-mprec.o)
                0x0800deb6                __lo0bits
 .text.__i2b    0x0800df10       0x2c C:/ST/STM32CubeIDE_2.0.0/STM32CubeIDE/plugins/com.st.stm32cube.ide.mcu.externaltools.gnu-tools-for-stm32.13.3.rel1.win32_1.0.100.202509120712/tools/bin/../lib/gcc/arm-none-eabi/13.3.1/../../../../arm-none-eabi/lib/thumb/v7e-m+fp/hard\libc_nano.a(libc_a-mprec.o)
                0x0800df10                __i2b
 .text.__multiply
                0x0800df3c      0x144 C:/ST/STM32CubeIDE_2.0.0/STM32CubeIDE/plugins/com.st.stm32cube.ide.mcu.externaltools.gnu-tools-for-stm32.13.3.rel1.win32_1.0.100.202509120712/tools/bin/../lib/gcc/arm-none-eabi/13.3.1/../../../../arm-none-eabi/lib/thumb/v7e-m+fp/hard\libc_nano.a(libc_a-mprec.o)
                0x0800df3c                __multiply
 .text.__pow5mult
                0x0800e080       0xb4 C:/ST/STM32CubeIDE_2.0.0/STM32CubeIDE/plugins/com.st.stm32cube.ide.mcu.externaltools.gnu-tools-for-stm32.13.3.rel1.win32_1.0.100.202509120712/tools/bin/../lib/gcc/arm-none-eabi/13.3.1/../../../../arm-none-eabi/lib/thumb/v7e-m+fp/hard\libc_nano.a(libc_a-mprec.o)
                0x0800e080                __pow5mult
 .text.__lshift
                0x0800e134       0xd8 C:/ST/STM32CubeIDE_2.0.0/STM32CubeIDE/plugins/com.st.stm32cube.ide.mcu.externaltools.gnu-tools-for-stm32.13.3.rel1.win32_1.0.100.202509120712/tools/bin/../lib/gcc/arm-none-eabi/13.3.1/../../../../arm-none-eabi/lib/thumb/v7e-m+fp/hard\libc_nano.a(libc_a-mprec.o)
                0x0800e134                __lshift
 .text.__mcmp   0x0800e20c       0x36 C:/ST/STM32CubeIDE_2.0.0/STM32CubeIDE/plugins/com.st.stm32cube.ide.mcu.externaltools.gnu-tools-for-stm32.13.3.rel1.win32_1.0.100.202509120712/tools/bin/../lib/gcc/arm-none-eabi/13.3.1/../../../../arm-none-eabi/lib/thumb/v7e-m+fp/hard\libc_nano.a(libc_a-mprec.o)
                0x0800e20c                __mcmp
 *fill*         0x0800e242        0x2 
 .text.__mdiff  0x0800e244      0x128 C:/ST/STM32CubeIDE_2.0.0/STM32CubeIDE/plugins/com.st.stm32cube.ide.mcu.externaltools.gnu-tools-for-stm32.13.3.rel1.win32_1.0.100.202509120712/tools/bin/../lib/gcc/arm-none-eabi/13.3.1/../../../../arm-none-eabi/lib/thumb/v7e-m+fp/hard\libc_nano.a(libc_a-mprec.o)
                0x0800e244                __mdiff
 .text.__d2b    0x0800e36c       0xb0 C:/ST/STM32CubeIDE_2.0.0/STM32CubeIDE/plugins/com.st.stm32cube.ide.mcu.externaltools.gnu-tools-for-stm32.13.3.rel1.win32_1.0.100.202509120712/tools/bin/../lib/gcc/arm-none-eabi/13.3.1/../../../../arm-none-eabi/lib/thumb/v7e-m+fp/hard\libc_nano.a(libc_a-mprec.o)
                0x0800e36c                __d2b
 .text.__ssputs_r
                0x0800e41c       0xb6 C:/ST/STM32CubeIDE_2.0.0/STM32CubeIDE/plugins/com.st.stm32cube.ide.mcu.externaltools.gnu-tools-for-stm32.13.3.rel1.win32_1.0.100.202509120712/tools/bin/../lib/gcc/arm-none-eabi/13.3.1/../../../../arm-none-eabi/lib/thumb/v7e-m+fp/hard\libc_nano.a(libc_a-nano-svfprintf.o)
                0x0800e41c                __ssputs_r
 *fill*         0x0800e4d2        0x2 
 .text._svfprintf_r
                0x0800e4d4      0x1f8 C:/ST/STM32CubeIDE_2.0.0/STM32CubeIDE/plugins/com.st.stm32cube.ide.mcu.externaltools.gnu-tools-for-stm32.13.3.rel1.win32_1.0.100.202509120712/tools/bin/../lib/gcc/arm-none-eabi/13.3.1/../../../../arm-none-eabi/lib/thumb/v7e-m+fp/hard\libc_nano.a(libc_a-nano-svfprintf.o)
                0x0800e4d4                _svfiprintf_r
                0x0800e4d4                _svfprintf_r
 .text.__sflush_r
                0x0800e6cc      0x108 C:/ST/STM32CubeIDE_2.0.0/STM32CubeIDE/plugins/com.st.stm32cube.ide.mcu.externaltools.gnu-tools-for-stm32.13.3.rel1.win32_1.0.100.202509120712/tools/bin/../lib/gcc/arm-none-eabi/13.3.1/../../../../arm-none-eabi/lib/thumb/v7e-m+fp/hard\libc_nano.a(libc_a-fflush.o)
                0x0800e6cc                __sflush_r
 .text._fflush_r
                0x0800e7d4       0x50 C:/ST/STM32CubeIDE_2.0.0/STM32CubeIDE/plugins/com.st.stm32cube.ide.mcu.externaltools.gnu-tools-for-stm32.13.3.rel1.win32_1.0.100.202509120712/tools/bin/../lib/gcc/arm-none-eabi/13.3.1/../../../../arm-none-eabi/lib/thumb/v7e-m+fp/hard\libc_nano.a(libc_a-fflush.o)
                0x0800e7d4                _fflush_r
 .text.memmove  0x0800e824       0x34 C:/ST/STM32CubeIDE_2.0.0/STM32CubeIDE/plugins/com.st.stm32cube.ide.mcu.externaltools.gnu-tools-for-stm32.13.3.rel1.win32_1.0.100.202509120712/tools/bin/../lib/gcc/arm-none-eabi/13.3.1/../../../../arm-none-eabi/lib/thumb/v7e-m+fp/hard\libc_nano.a(libc_a-memmove.o)
                0x0800e824                memmove
 .text._sbrk_r  0x0800e858       0x20 C:/ST/STM32CubeIDE_2.0.0/STM32CubeIDE/plugins/com.st.stm32cube.ide.mcu.externaltools.gnu-tools-for-stm32.13.3.rel1.win32_1.0.100.202509120712/tools/bin/../lib/gcc/arm-none-eabi/13.3.1/../../../../arm-none-eabi/lib/thumb/v7e-m+fp/hard\libc_nano.a(libc_a-sbrkr.o)
                0x0800e858                _sbrk_r
 .text.memcpy   0x0800e878       0x1c C:/ST/STM32CubeIDE_2.0.0/STM32CubeIDE/plugins/com.st.stm32cube.ide.mcu.externaltools.gnu-tools-for-stm32.13.3.rel1.win32_1.0.100.202509120712/tools/bin/../lib/gcc/arm-none-eabi/13.3.1/../../../../arm-none-eabi/lib/thumb/v7e-m+fp/hard\libc_nano.a(libc_a-memcpy-stub.o)
                0x0800e878                memcpy
 .text.__assert_func
                0x0800e894       0x3c C:/ST/STM32CubeIDE_2.0.0/STM32CubeIDE/plugins/com.st.stm32cube.ide.mcu.externaltools.gnu-tools-for-stm32.13.3.rel1.win32_1.0.100.202509120712/tools/bin/../lib/gcc/arm-none-eabi/13.3.1/../../../../arm-none-eabi/lib/thumb/v7e-m+fp/hard\libc_nano.a(libc_a-assert.o)
                0x0800e894                __assert_func
 .text._calloc_r
                0x0800e8d0       0x28 C:/ST/STM32CubeIDE_2.0.0/STM32CubeIDE/plugins/com.st.stm32cube.ide.mcu.externaltools.gnu-tools-for-stm32.13.3.rel1.win32_1.0.100.202509120712/tools/bin/../lib/gcc/arm-none-eabi/13.3.1/../../../../arm-none-eabi/lib/thumb/v7e-m+fp/hard\libc_nano.a(libc_a-callocr.o)
                0x0800e8d0                _calloc_r
 .text.__ascii_mbtowc
                0x0800e8f8       0x24 C:/ST/STM32CubeIDE_2.0.0/STM32CubeIDE/plugins/com.st.stm32cube.ide.mcu.externaltools.gnu-tools-for-stm32.13.3.rel1.win32_1.0.100.202509120712/tools/bin/../lib/gcc/arm-none-eabi/13.3.1/../../../../arm-none-eabi/lib/thumb/v7e-m+fp/hard\libc_nano.a(libc_a-mbtowc_r.o)
                0x0800e8f8                __ascii_mbtowc
 .text._realloc_r
                0x0800e91c       0x5c C:/ST/STM32CubeIDE_2.0.0/STM32CubeIDE/plugins/com.st.stm32cube.ide.mcu.externaltools.gnu-tools-for-stm32.13.3.rel1.win32_1.0.100.202509120712/tools/bin/../lib/gcc/arm-none-eabi/13.3.1/../../../../arm-none-eabi/lib/thumb/v7e-m+fp/hard\libc_nano.a(libc_a-reallocr.o)
                0x0800e91c                _realloc_r
 .text.__ascii_wctomb
                0x0800e978       0x1a C:/ST/STM32CubeIDE_2.0.0/STM32CubeIDE/plugins/com.st.stm32cube.ide.mcu.externaltools.gnu-tools-for-stm32.13.3.rel1.win32_1.0.100.202509120712/tools/bin/../lib/gcc/arm-none-eabi/13.3.1/../../../../arm-none-eabi/lib/thumb/v7e-m+fp/hard\libc_nano.a(libc_a-wctomb_r.o)
                0x0800e978                __ascii_wctomb
 *fill*         0x0800e992        0x2 
 .text.fprintf  0x0800e994       0x24 C:/ST/STM32CubeIDE_2.0.0/STM32CubeIDE/plugins/com.st.stm32cube.ide.mcu.externaltools.gnu-tools-for-stm32.13.3.rel1.win32_1.0.100.202509120712/tools/bin/../lib/gcc/arm-none-eabi/13.3.1/../../../../arm-none-eabi/lib/thumb/v7e-m+fp/hard\libc_nano.a(libc_a-fprintf.o)
                0x0800e994                fiprintf
                0x0800e994                fprintf
 .text.abort    0x0800e9b8        0xe C:/ST/STM32CubeIDE_2.0.0/STM32CubeIDE/plugins/com.st.stm32cube.ide.mcu.externaltools.gnu-tools-for-stm32.13.3.rel1.win32_1.0.100.202509120712/tools/bin/../lib/gcc/arm-none-eabi/13.3.1/../../../../arm-none-eabi/lib/thumb/v7e-m+fp/hard\libc_nano.a(libc_a-abort.o)
                0x0800e9b8                abort
 .text._malloc_usable_size_r
                0x0800e9c6       0x10 C:/ST/STM32CubeIDE_2.0.0/STM32CubeIDE/plugins/com.st.stm32cube.ide.mcu.externaltools.gnu-tools-for-stm32.13.3.rel1.win32_1.0.100.202509120712/tools/bin/../lib/gcc/arm-none-eabi/13.3.1/../../../../arm-none-eabi/lib/thumb/v7e-m+fp/hard\libc_nano.a(libc_a-msizer.o)
                0x0800e9c6                _malloc_usable_size_r
 .text.__sfputc_r
                0x0800e9d6       0x2e C:/ST/STM32CubeIDE_2.0.0/STM32CubeIDE/plugins/com.st.stm32cube.ide.mcu.externaltools.gnu-tools-for-stm32.13.3.rel1.win32_1.0.100.202509120712/tools/bin/../lib/gcc/arm-none-eabi/13.3.1/../../../../arm-none-eabi/lib/thumb/v7e-m+fp/hard\libc_nano.a(libc_a-nano-vfprintf.o)
 .text.__sfputs_r
                0x0800ea04       0x24 C:/ST/STM32CubeIDE_2.0.0/STM32CubeIDE/plugins/com.st.stm32cube.ide.mcu.externaltools.gnu-tools-for-stm32.13.3.rel1.win32_1.0.100.202509120712/tools/bin/../lib/gcc/arm-none-eabi/13.3.1/../../../../arm-none-eabi/lib/thumb/v7e-m+fp/hard\libc_nano.a(libc_a-nano-vfprintf.o)
                0x0800ea04                __sfputs_r
 .text._vfprintf_r
                0x0800ea28      0x230 C:/ST/STM32CubeIDE_2.0.0/STM32CubeIDE/plugins/com.st.stm32cube.ide.mcu.externaltools.gnu-tools-for-stm32.13.3.rel1.win32_1.0.100.202509120712/tools/bin/../lib/gcc/arm-none-eabi/13.3.1/../../../../arm-none-eabi/lib/thumb/v7e-m+fp/hard\libc_nano.a(libc_a-nano-vfprintf.o)
                0x0800ea28                _vfprintf_r
                0x0800ea28                _vfiprintf_r
 .text.__swbuf_r
                0x0800ec58       0x7c C:/ST/STM32CubeIDE_2.0.0/STM32CubeIDE/plugins/com.st.stm32cube.ide.mcu.externaltools.gnu-tools-for-stm32.13.3.rel1.win32_1.0.100.202509120712/tools/bin/../lib/gcc/arm-none-eabi/13.3.1/../../../../arm-none-eabi/lib/thumb/v7e-m+fp/hard\libc_nano.a(libc_a-wbuf.o)
                0x0800ec58                __swbuf_r
 .text.__swsetup_r
                0x0800ecd4       0xac C:/ST/STM32CubeIDE_2.0.0/STM32CubeIDE/plugins/com.st.stm32cube.ide.mcu.externaltools.gnu-tools-for-stm32.13.3.rel1.win32_1.0.100.202509120712/tools/bin/../lib/gcc/arm-none-eabi/13.3.1/../../../../arm-none-eabi/lib/thumb/v7e-m+fp/hard\libc_nano.a(libc_a-wsetup.o)
                0x0800ecd4                __swsetup_r
 .text._raise_r
                0x0800ed80       0x50 C:/ST/STM32CubeIDE_2.0.0/STM32CubeIDE/plugins/com.st.stm32cube.ide.mcu.externaltools.gnu-tools-for-stm32.13.3.rel1.win32_1.0.100.202509120712/tools/bin/../lib/gcc/arm-none-eabi/13.3.1/../../../../arm-none-eabi/lib/thumb/v7e-m+fp/hard\libc_nano.a(libc_a-signal.o)
                0x0800ed80                _raise_r
 .text.raise    0x0800edd0       0x10 C:/ST/STM32CubeIDE_2.0.0/STM32CubeIDE/plugins/com.st.stm32cube.ide.mcu.externaltools.gnu-tools-for-stm32.13.3.rel1.win32_1.0.100.202509120712/tools/bin/../lib/gcc/arm-none-eabi/13.3.1/../../../../arm-none-eabi/lib/thumb/v7e-m+fp/hard\libc_nano.a(libc_a-signal.o)
                0x0800edd0                raise
 .text._kill_r  0x0800ede0       0x24 C:/ST/STM32CubeIDE_2.0.0/STM32CubeIDE/plugins/com.st.stm32cube.ide.mcu.externaltools.gnu-tools-for-stm32.13.3.rel1.win32_1.0.100.202509120712/tools/bin/../lib/gcc/arm-none-eabi/13.3.1/../../../../arm-none-eabi/lib/thumb/v7e-m+fp/hard\libc_nano.a(libc_a-signalr.o)
                0x0800ede0                _kill_r
 .text._getpid_r
                0x0800ee04        0x4 C:/ST/STM32CubeIDE_2.0.0/STM32CubeIDE/plugins/com.st.stm32cube.ide.mcu.externaltools.gnu-tools-for-stm32.13.3.rel1.win32_1.0.100.202509120712/tools/bin/../lib/gcc/arm-none-eabi/13.3.1/../../../../arm-none-eabi/lib/thumb/v7e-m+fp/hard\libc_nano.a(libc_a-signalr.o)
                0x0800ee04                _getpid_r
 .text.__swhatbuf_r
                0x0800ee08       0x4c C:/ST/STM32CubeIDE_2.0.0/STM32CubeIDE/plugins/com.st.stm32cube.ide.mcu.externaltools.gnu-tools-for-stm32.13.3.rel1.win32_1.0.100.202509120712/tools/bin/../lib/gcc/arm-none-eabi/13.3.1/../../../../arm-none-eabi/lib/thumb/v7e-m+fp/hard\libc_nano.a(libc_a-makebuf.o)
                0x0800ee08                __swhatbuf_r
 .text.__smakebuf_r
                0x0800ee54       0x78 C:/ST/STM32CubeIDE_2.0.0/STM32CubeIDE/plugins/com.st.stm32cube.ide.mcu.externaltools.gnu-tools-for-stm32.13.3.rel1.win32_1.0.100.202509120712/tools/bin/../lib/gcc/arm-none-eabi/13.3.1/../../../../arm-none-eabi/lib/thumb/v7e-m+fp/hard\libc_nano.a(libc_a-makebuf.o)
                0x0800ee54                __smakebuf_r
 .text._fstat_r
                0x0800eecc       0x24 C:/ST/STM32CubeIDE_2.0.0/STM32CubeIDE/plugins/com.st.stm32cube.ide.mcu.externaltools.gnu-tools-for-stm32.13.3.rel1.win32_1.0.100.202509120712/tools/bin/../lib/gcc/arm-none-eabi/13.3.1/../../../../arm-none-eabi/lib/thumb/v7e-m+fp/hard\libc_nano.a(libc_a-fstatr.o)
                0x0800eecc                _fstat_r
 .text._isatty_r
                0x0800eef0       0x20 C:/ST/STM32CubeIDE_2.0.0/STM32CubeIDE/plugins/com.st.stm32cube.ide.mcu.externaltools.gnu-tools-for-stm32.13.3.rel1.win32_1.0.100.202509120712/tools/bin/../lib/gcc/arm-none-eabi/13.3.1/../../../../arm-none-eabi/lib/thumb/v7e-m+fp/hard\libc_nano.a(libc_a-isattyr.o)
                0x0800eef0                _isatty_r
 .text.logf     0x0800ef10       0x5c C:/ST/STM32CubeIDE_2.0.0/STM32CubeIDE/plugins/com.st.stm32cube.ide.mcu.externaltools.gnu-tools-for-stm32.13.3.rel1.win32_1.0.100.202509120712/tools/bin/../lib/gcc/arm-none-eabi/13.3.1/../../../../arm-none-eabi/lib/thumb/v7e-m+fp/hard\libm.a(libm_a-wf_log.o)
                0x0800ef10                logf
 .text.nanf     0x0800ef6c        0xc C:/ST/STM32CubeIDE_2.0.0/STM32CubeIDE/plugins/com.st.stm32cube.ide.mcu.externaltools.gnu-tools-for-stm32.13.3.rel1.win32_1.0.100.202509120712/tools/bin/../lib/gcc/arm-none-eabi/13.3.1/../../../../arm-none-eabi/lib/thumb/v7e-m+fp/hard\libm.a(libm_a-sf_nan.o)
                0x0800ef6c                nanf
 .text.__ieee754_logf
                0x0800ef78      0x1e4 C:/ST/STM32CubeIDE_2.0.0/STM32CubeIDE/plugins/com.st.stm32cube.ide.mcu.externaltools.gnu-tools-for-stm32.13.3.rel1.win32_1.0.100.202509120712/tools/bin/../lib/gcc/arm-none-eabi/13.3.1/../../../../arm-none-eabi/lib/thumb/v7e-m+fp/hard\libm.a(libm_a-ef_log.o)
                0x0800ef78                __ieee754_logf
 *(.glue_7)
 .glue_7        0x0800f15c        0x0 linker stubs
 *(.glue_7t)
 .glue_7t       0x0800f15c        0x0 linker stubs
 *(.eh_frame)
 .eh_frame      0x0800f15c        0x0 C:/ST/STM32CubeIDE_2.0.0/STM32CubeIDE/plugins/com.st.stm32cube.ide.mcu.externaltools.gnu-tools-for-stm32.13.3.rel1.win32_1.0.100.202509120712/tools/bin/../lib/gcc/arm-none-eabi/13.3.1/thumb/v7e-m+fp/hard/crtbegin.o
 *(.init)
 .init          0x0800f15c        0x4 C:/ST/STM32CubeIDE_2.0.0/STM32CubeIDE/plugins/com.st.stm32cube.ide.mcu.externaltools.gnu-tools-for-stm32.13.3.rel1.win32_1.0.100.202509120712/tools/bin/../lib/gcc/arm-none-eabi/13.3.1/thumb/v7e-m+fp/hard/crti.o
                0x0800f15c                _init
 .init          0x0800f160        0x8 C:/ST/STM32CubeIDE_2.0.0/STM32CubeIDE/plugins/com.st.stm32cube.ide.mcu.externaltools.gnu-tools-for-stm32.13.3.rel1.win32_1.0.100.202509120712/tools/bin/../lib/gcc/arm-none-eabi/13.3.1/thumb/v7e-m+fp/hard/crtn.o
 *(.fini)
 .fini          0x0800f168        0x4 C:/ST/STM32CubeIDE_2.0.0/STM32CubeIDE/plugins/com.st.stm32cube.ide.mcu.externaltools.gnu-tools-for-stm32.13.3.rel1.win32_1.0.100.202509120712/tools/bin/../lib/gcc/arm-none-eabi/13.3.1/thumb/v7e-m+fp/hard/crti.o
                0x0800f168                _fini
 .fini          0x0800f16c        0x8 C:/ST/STM32CubeIDE_2.0.0/STM32CubeIDE/plugins/com.st.stm32cube.ide.mcu.externaltools.gnu-tools-for-stm32.13.3.rel1.win32_1.0.100.202509120712/tools/bin/../lib/gcc/arm-none-eabi/13.3.1/thumb/v7e-m+fp/hard/crtn.o
                0x0800f174                        . = ALIGN (0x4)
                0x0800f174                        _etext = .

.vfp11_veneer   0x0800f174        0x0
 .vfp11_veneer  0x0800f174        0x0 linker stubs

.v4_bx          0x0800f174        0x0
 .v4_bx         0x0800f174        0x0 linker stubs

.iplt           0x0800f174        0x0
 .iplt          0x0800f174        0x0 C:/ST/STM32CubeIDE_2.0.0/STM32CubeIDE/plugins/com.st.stm32cube.ide.mcu.externaltools.gnu-tools-for-stm32.13.3.rel1.win32_1.0.100.202509120712/tools/bin/../lib/gcc/arm-none-eabi/13.3.1/thumb/v7e-m+fp/hard/crtbegin.o

.rodata         0x0800f178      0x4fc
                0x0800f178                        . = ALIGN (0x4)
 *(.rodata)
 .rodata        0x0800f178      0x110 ./Application/User/Core/main.o
 .rodata        0x0800f288       0x46 ./Application/User/USB_DEVICE/App/usbd_desc.o
 *(.rodata*)
 *fill*         0x0800f2ce        0x2 
 .rodata.AHBPrescTable
                0x0800f2d0       0x10 ./Drivers/CMSIS/system_stm32f3xx.o
                0x0800f2d0                AHBPrescTable
 .rodata.aPLLMULFactorTable
                0x0800f2e0       0x10 ./Drivers/STM32F3xx_HAL_Driver/stm32f3xx_hal_rcc.o
 .rodata.aPredivFactorTable
                0x0800f2f0       0x10 ./Drivers/STM32F3xx_HAL_Driver/stm32f3xx_hal_rcc.o
 .rodata._printf_float.str1.1
                0x0800f300      0x171 C:/ST/STM32CubeIDE_2.0.0/STM32CubeIDE/plugins/com.st.stm32cube.ide.mcu.externaltools.gnu-tools-for-stm32.13.3.rel1.win32_1.0.100.202509120712/tools/bin/../lib/gcc/arm-none-eabi/13.3.1/../../../../arm-none-eabi/lib/thumb/v7e-m+fp/hard\libc_nano.a(libc_a-nano-vfprintf_float.o)
                                 0x12 (size before relaxing)
 .rodata._printf_i.str1.1
                0x0800f471        0x0 C:/ST/STM32CubeIDE_2.0.0/STM32CubeIDE/plugins/com.st.stm32cube.ide.mcu.externaltools.gnu-tools-for-stm32.13.3.rel1.win32_1.0.100.202509120712/tools/bin/../lib/gcc/arm-none-eabi/13.3.1/../../../../arm-none-eabi/lib/thumb/v7e-m+fp/hard\libc_nano.a(libc_a-nano-vfprintf_i.o)
                                 0x22 (size before relaxing)
 .rodata._dtoa_r.str1.1
                0x0800f471        0x0 C:/ST/STM32CubeIDE_2.0.0/STM32CubeIDE/plugins/com.st.stm32cube.ide.mcu.externaltools.gnu-tools-for-stm32.13.3.rel1.win32_1.0.100.202509120712/tools/bin/../lib/gcc/arm-none-eabi/13.3.1/../../../../arm-none-eabi/lib/thumb/v7e-m+fp/hard\libc_nano.a(libc_a-dtoa.o)
                                 0x8f (size before relaxing)
 .rodata._Balloc.str1.1
                0x0800f471        0x0 C:/ST/STM32CubeIDE_2.0.0/STM32CubeIDE/plugins/com.st.stm32cube.ide.mcu.externaltools.gnu-tools-for-stm32.13.3.rel1.win32_1.0.100.202509120712/tools/bin/../lib/gcc/arm-none-eabi/13.3.1/../../../../arm-none-eabi/lib/thumb/v7e-m+fp/hard\libc_nano.a(libc_a-mprec.o)
                                 0x70 (size before relaxing)
 .rodata.__multadd.str1.1
                0x0800f471        0x0 C:/ST/STM32CubeIDE_2.0.0/STM32CubeIDE/plugins/com.st.stm32cube.ide.mcu.externaltools.gnu-tools-for-stm32.13.3.rel1.win32_1.0.100.202509120712/tools/bin/../lib/gcc/arm-none-eabi/13.3.1/../../../../arm-none-eabi/lib/thumb/v7e-m+fp/hard\libc_nano.a(libc_a-mprec.o)
                                 0x11 (size before relaxing)
 *fill*         0x0800f471        0x3 
 .rodata.p05.0  0x0800f474        0xc C:/ST/STM32CubeIDE_2.0.0/STM32CubeIDE/plugins/com.st.stm32cube.ide.mcu.externaltools.gnu-tools-for-stm32.13.3.rel1.win32_1.0.100.202509120712/tools/bin/../lib/gcc/arm-none-eabi/13.3.1/../../../../arm-none-eabi/lib/thumb/v7e-m+fp/hard\libc_nano.a(libc_a-mprec.o)
 .rodata.__mprec_bigtens
                0x0800f480       0x28 C:/ST/STM32CubeIDE_2.0.0/STM32CubeIDE/plugins/com.st.stm32cube.ide.mcu.externaltools.gnu-tools-for-stm32.13.3.rel1.win32_1.0.100.202509120712/tools/bin/../lib/gcc/arm-none-eabi/13.3.1/../../../../arm-none-eabi/lib/thumb/v7e-m+fp/hard\libc_nano.a(libc_a-mprec.o)
                0x0800f480                __mprec_bigtens
 .rodata.__mprec_tens
                0x0800f4a8       0xc8 C:/ST/STM32CubeIDE_2.0.0/STM32CubeIDE/plugins/com.st.stm32cube.ide.mcu.externaltools.gnu-tools-for-stm32.13.3.rel1.win32_1.0.100.202509120712/tools/bin/../lib/gcc/arm-none-eabi/13.3.1/../../../../arm-none-eabi/lib/thumb/v7e-m+fp/hard\libc_nano.a(libc_a-mprec.o)
                0x0800f4a8                __mprec_tens
 .rodata._svfprintf_r.str1.1
                0x0800f570        0x0 C:/ST/STM32CubeIDE_2.0.0/STM32CubeIDE/plugins/com.st.stm32cube.ide.mcu.externaltools.gnu-tools-for-stm32.13.3.rel1.win32_1.0.100.202509120712/tools/bin/../lib/gcc/arm-none-eabi/13.3.1/../../../../arm-none-eabi/lib/thumb/v7e-m+fp/hard\libc_nano.a(libc_a-nano-svfprintf.o)
                                 0x11 (size before relaxing)
 .rodata._setlocale_r.str1.1
                0x0800f570        0x0 C:/ST/STM32CubeIDE_2.0.0/STM32CubeIDE/plugins/com.st.stm32cube.ide.mcu.externaltools.gnu-tools-for-stm32.13.3.rel1.win32_1.0.100.202509120712/tools/bin/../lib/gcc/arm-none-eabi/13.3.1/../../../../arm-none-eabi/lib/thumb/v7e-m+fp/hard\libc_nano.a(libc_a-locale.o)
                                  0x9 (size before relaxing)
 .rodata.str1.1
                0x0800f570        0x0 C:/ST/STM32CubeIDE_2.0.0/STM32CubeIDE/plugins/com.st.stm32cube.ide.mcu.externaltools.gnu-tools-for-stm32.13.3.rel1.win32_1.0.100.202509120712/tools/bin/../lib/gcc/arm-none-eabi/13.3.1/../../../../arm-none-eabi/lib/thumb/v7e-m+fp/hard\libc_nano.a(libc_a-locale.o)
                                  0x2 (size before relaxing)
 .rodata.__assert_func.str1.1
                0x0800f570        0x0 C:/ST/STM32CubeIDE_2.0.0/STM32CubeIDE/plugins/com.st.stm32cube.ide.mcu.externaltools.gnu-tools-for-stm32.13.3.rel1.win32_1.0.100.202509120712/tools/bin/../lib/gcc/arm-none-eabi/13.3.1/../../../../arm-none-eabi/lib/thumb/v7e-m+fp/hard\libc_nano.a(libc_a-assert.o)
                                 0x3d (size before relaxing)
 .rodata._ctype_
                0x0800f570      0x101 C:/ST/STM32CubeIDE_2.0.0/STM32CubeIDE/plugins/com.st.stm32cube.ide.mcu.externaltools.gnu-tools-for-stm32.13.3.rel1.win32_1.0.100.202509120712/tools/bin/../lib/gcc/arm-none-eabi/13.3.1/../../../../arm-none-eabi/lib/thumb/v7e-m+fp/hard\libc_nano.a(libc_a-ctype_.o)
                0x0800f570                _ctype_
 .rodata._vfprintf_r.str1.1
                0x0800f671        0x0 C:/ST/STM32CubeIDE_2.0.0/STM32CubeIDE/plugins/com.st.stm32cube.ide.mcu.externaltools.gnu-tools-for-stm32.13.3.rel1.win32_1.0.100.202509120712/tools/bin/../lib/gcc/arm-none-eabi/13.3.1/../../../../arm-none-eabi/lib/thumb/v7e-m+fp/hard\libc_nano.a(libc_a-nano-vfprintf.o)
                                 0x11 (size before relaxing)
 .rodata.logf.str1.1
                0x0800f671        0x0 C:/ST/STM32CubeIDE_2.0.0/STM32CubeIDE/plugins/com.st.stm32cube.ide.mcu.externaltools.gnu-tools-for-stm32.13.3.rel1.win32_1.0.100.202509120712/tools/bin/../lib/gcc/arm-none-eabi/13.3.1/../../../../arm-none-eabi/lib/thumb/v7e-m+fp/hard\libm.a(libm_a-wf_log.o)
                                  0x1 (size before relaxing)
                0x0800f674                        . = ALIGN (0x4)
 *fill*         0x0800f671        0x3 

.ARM.extab      0x0800f674        0x0
                0x0800f674                        . = ALIGN (0x4)
 *(.ARM.extab* .gnu.linkonce.armextab.*)
                0x0800f674                        . = ALIGN (0x4)

.ARM            0x0800f674        0x8
                0x0800f674                        . = ALIGN (0x4)
                0x0800f674                        __exidx_start = .
 *(.ARM.exidx*)
 .ARM.exidx     0x0800f674        0x8 C:/ST/STM32CubeIDE_2.0.0/STM32CubeIDE/plugins/com.st.stm32cube.ide.mcu.externaltools.gnu-tools-for-stm32.13.3.rel1.win32_1.0.100.202509120712/tools/bin/../lib/gcc/arm-none-eabi/13.3.1/../../../../arm-none-eabi/lib/thumb/v7e-m+fp/hard\libc_nano.a(libc_a-memchr.o)
 .ARM.exidx     0x0800f67c        0x0 C:/ST/STM32CubeIDE_2.0.0/STM32CubeIDE/plugins/com.st.stm32cube.ide.mcu.externaltools.gnu-tools-for-stm32.13.3.rel1.win32_1.0.100.202509120712/tools/bin/../lib/gcc/arm-none-eabi/13.3.1/../../../../arm-none-eabi/lib/thumb/v7e-m+fp/hard\libc_nano.a(libc_a-strlen.o)
                                  0x8 (size before relaxing)
                0x0800f67c                        __exidx_end = .
                0x0800f67c                        . = ALIGN (0x4)

.preinit_array  0x0800f67c        0x0
                0x0800f67c                        . = ALIGN (0x4)
                0x0800f67c                        PROVIDE (__preinit_array_start = .)
 *(.preinit_array*)
                0x0800f67c                        PROVIDE (__preinit_array_end = .)
                0x0800f67c                        . = ALIGN (0x4)

.init_array     0x0800f67c        0x4
                0x0800f67c                        . = ALIGN (0x4)
                0x0800f67c                        PROVIDE (__init_array_start = .)
 *(SORT_BY_NAME(.init_array.*))
 *(.init_array*)
 .init_array    0x0800f67c        0x4 C:/ST/STM32CubeIDE_2.0.0/STM32CubeIDE/plugins/com.st.stm32cube.ide.mcu.externaltools.gnu-tools-for-stm32.13.3.rel1.win32_1.0.100.202509120712/tools/bin/../lib/gcc/arm-none-eabi/13.3.1/thumb/v7e-m+fp/hard/crtbegin.o
                0x0800f680                        PROVIDE (__init_array_end = .)
                0x0800f680                        . = ALIGN (0x4)

.fini_array     0x0800f680        0x4
                0x0800f680                        . = ALIGN (0x4)
                [!provide]                        PROVIDE (__fini_array_start = .)
 *(SORT_BY_NAME(.fini_array.*))
 *(.fini_array*)
 .fini_array    0x0800f680        0x4 C:/ST/STM32CubeIDE_2.0.0/STM32CubeIDE/plugins/com.st.stm32cube.ide.mcu.externaltools.gnu-tools-for-stm32.13.3.rel1.win32_1.0.100.202509120712/tools/bin/../lib/gcc/arm-none-eabi/13.3.1/thumb/v7e-m+fp/hard/crtbegin.o
                [!provide]                        PROVIDE (__fini_array_end = .)
                0x0800f684                        . = ALIGN (0x4)
                0x0800f684                        _sidata = LOADADDR (.data)

.rel.dyn        0x0800f684        0x0
 .rel.iplt      0x0800f684        0x0 C:/ST/STM32CubeIDE_2.0.0/STM32CubeIDE/plugins/com.st.stm32cube.ide.mcu.externaltools.gnu-tools-for-stm32.13.3.rel1.win32_1.0.100.202509120712/tools/bin/../lib/gcc/arm-none-eabi/13.3.1/thumb/v7e-m+fp/hard/crtbegin.o

.data           0x20000000      0x344 load address 0x0800f684
                0x20000000                        . = ALIGN (0x4)
                0x20000000                        _sdata = .
 *(.data)
 *(.data*)
 .data.USBD_Interface_fops_FS
                0x20000000       0x10 ./Application/User/USB_DEVICE/App/usbd_cdc_if.o
                0x20000000                USBD_Interface_fops_FS
 .data.FS_Desc  0x20000010       0x1c ./Application/User/USB_DEVICE/App/usbd_desc.o
                0x20000010                FS_Desc
 .data.USBD_FS_DeviceDesc
                0x2000002c       0x12 ./Application/User/USB_DEVICE/App/usbd_desc.o
                0x2000002c                USBD_FS_DeviceDesc
 *fill*         0x2000003e        0x2 
 .data.USBD_LangIDDesc
                0x20000040        0x4 ./Application/User/USB_DEVICE/App/usbd_desc.o
                0x20000040                USBD_LangIDDesc
 .data.USBD_StringSerial
                0x20000044       0x1a ./Application/User/USB_DEVICE/App/usbd_desc.o
                0x20000044                USBD_StringSerial
 *fill*         0x2000005e        0x2 
 .data.SystemCoreClock
                0x20000060        0x4 ./Drivers/CMSIS/system_stm32f3xx.o
                0x20000060                SystemCoreClock
 .data.uwTickPrio
                0x20000064        0x4 ./Drivers/STM32F3xx_HAL_Driver/stm32f3xx_hal.o
                0x20000064                uwTickPrio
 .data.uwTickFreq
                0x20000068        0x1 ./Drivers/STM32F3xx_HAL_Driver/stm32f3xx_hal.o
                0x20000068                uwTickFreq
 *fill*         0x20000069        0x3 
 .data.USBD_CDC_DeviceQualifierDesc
                0x2000006c        0xa ./Middlewares/USB_Device_Library/usbd_cdc.o
 *fill*         0x20000076        0x2 
 .data.USBD_CDC
                0x20000078       0x38 ./Middlewares/USB_Device_Library/usbd_cdc.o
                0x20000078                USBD_CDC
 .data.USBD_CDC_CfgHSDesc
                0x200000b0       0x43 ./Middlewares/USB_Device_Library/usbd_cdc.o
                0x200000b0                USBD_CDC_CfgHSDesc
 *fill*         0x200000f3        0x1 
 .data.USBD_CDC_CfgFSDesc
                0x200000f4       0x43 ./Middlewares/USB_Device_Library/usbd_cdc.o
                0x200000f4                USBD_CDC_CfgFSDesc
 *fill*         0x20000137        0x1 
 .data.USBD_CDC_OtherSpeedCfgDesc
                0x20000138       0x43 ./Middlewares/USB_Device_Library/usbd_cdc.o
                0x20000138                USBD_CDC_OtherSpeedCfgDesc
 *fill*         0x2000017b        0x1 
 .data.__sglue  0x2000017c        0xc C:/ST/STM32CubeIDE_2.0.0/STM32CubeIDE/plugins/com.st.stm32cube.ide.mcu.externaltools.gnu-tools-for-stm32.13.3.rel1.win32_1.0.100.202509120712/tools/bin/../lib/gcc/arm-none-eabi/13.3.1/../../../../arm-none-eabi/lib/thumb/v7e-m+fp/hard\libc_nano.a(libc_a-findfp.o)
                0x2000017c                __sglue
 .data._impure_ptr
                0x20000188        0x4 C:/ST/STM32CubeIDE_2.0.0/STM32CubeIDE/plugins/com.st.stm32cube.ide.mcu.externaltools.gnu-tools-for-stm32.13.3.rel1.win32_1.0.100.202509120712/tools/bin/../lib/gcc/arm-none-eabi/13.3.1/../../../../arm-none-eabi/lib/thumb/v7e-m+fp/hard\libc_nano.a(libc_a-impure.o)
                0x20000188                _impure_ptr
 .data._impure_data
                0x2000018c       0x4c C:/ST/STM32CubeIDE_2.0.0/STM32CubeIDE/plugins/com.st.stm32cube.ide.mcu.externaltools.gnu-tools-for-stm32.13.3.rel1.win32_1.0.100.202509120712/tools/bin/../lib/gcc/arm-none-eabi/13.3.1/../../../../arm-none-eabi/lib/thumb/v7e-m+fp/hard\libc_nano.a(libc_a-impure.o)
                0x2000018c                _impure_data
 .data.__global_locale
                0x200001d8      0x16c C:/ST/STM32CubeIDE_2.0.0/STM32CubeIDE/plugins/com.st.stm32cube.ide.mcu.externaltools.gnu-tools-for-stm32.13.3.rel1.win32_1.0.100.202509120712/tools/bin/../lib/gcc/arm-none-eabi/13.3.1/../../../../arm-none-eabi/lib/thumb/v7e-m+fp/hard\libc_nano.a(libc_a-locale.o)
                0x200001d8                __global_locale
 *(.RamFunc)
 *(.RamFunc*)
                0x20000344                        . = ALIGN (0x4)
                0x20000344                        _edata = .
                0x0800f9c8                        _siccmram = LOADADDR (.ccmram)

.igot.plt       0x20000344        0x0 load address 0x0800f9c8
 .igot.plt      0x20000344        0x0 C:/ST/STM32CubeIDE_2.0.0/STM32CubeIDE/plugins/com.st.stm32cube.ide.mcu.externaltools.gnu-tools-for-stm32.13.3.rel1.win32_1.0.100.202509120712/tools/bin/../lib/gcc/arm-none-eabi/13.3.1/thumb/v7e-m+fp/hard/crtbegin.o

.ccmram         0x10000000        0x0 load address 0x0800f9c8
                0x10000000                        . = ALIGN (0x4)
                0x10000000                        _sccmram = .
 *(.ccmram)
 *(.ccmram*)
                0x10000000                        . = ALIGN (0x4)
                0x10000000                        _eccmram = .
                0x10000000                        . = ALIGN (0x4)

.bss            0x20000344     0x15b0
                0x20000344                        _sbss = .
                0x20000344                        __bss_start__ = _sbss
 *(.bss)
 .bss           0x20000344       0x1c C:/ST/STM32CubeIDE_2.0.0/STM32CubeIDE/plugins/com.st.stm32cube.ide.mcu.externaltools.gnu-tools-for-stm32.13.3.rel1.win32_1.0.100.202509120712/tools/bin/../lib/gcc/arm-none-eabi/13.3.1/thumb/v7e-m+fp/hard/crtbegin.o
 *(.bss*)
 .bss.hadc1     0x20000360       0x50 ./Application/User/Core/main.o
                0x20000360                hadc1
 .bss.hadc2     0x200003b0       0x50 ./Application/User/Core/main.o
                0x200003b0                hadc2
 .bss.hdma_adc1
                0x20000400       0x44 ./Application/User/Core/main.o
                0x20000400                hdma_adc1
 .bss.hdma_adc2
                0x20000444       0x44 ./Application/User/Core/main.o
                0x20000444                hdma_adc2
 .bss.hi2c1     0x20000488       0x54 ./Application/User/Core/main.o